
Discarded input sections

 .text          0x00000000        0x0 D:\Projects\stm32/misc.o
 .data          0x00000000        0x0 D:\Projects\stm32/misc.o
 .bss           0x00000000        0x0 D:\Projects\stm32/misc.o
 .text.NVIC_PriorityGroupConfig
                0x00000000       0x24 D:\Projects\stm32/misc.o
 .text.NVIC_SetVectorTable
                0x00000000       0x2c D:\Projects\stm32/misc.o
 .text.NVIC_SystemLPConfig
                0x00000000       0x40 D:\Projects\stm32/misc.o
 .text.SysTick_CLKSourceConfig
                0x00000000       0x38 D:\Projects\stm32/misc.o
 .data          0x00000000        0x0 D:\Projects\stm32/startup_stm32f10x_md.o
 .bss           0x00000000        0x0 D:\Projects\stm32/startup_stm32f10x_md.o
 .text          0x00000000        0x0 D:\Projects\stm32/system_stm32f10x.o
 .bss           0x00000000        0x0 D:\Projects\stm32/system_stm32f10x.o
 .text          0x00000000        0x0 D:\Projects\stm32/stm32f10x_rcc.o
 .bss           0x00000000        0x0 D:\Projects\stm32/stm32f10x_rcc.o
 .text.RCC_AdjustHSICalibrationValue
                0x00000000       0x3c D:\Projects\stm32/stm32f10x_rcc.o
 .text.RCC_HSICmd
                0x00000000       0x20 D:\Projects\stm32/stm32f10x_rcc.o
 .text.RCC_ITConfig
                0x00000000       0x4c D:\Projects\stm32/stm32f10x_rcc.o
 .text.RCC_USBCLKConfig
                0x00000000       0x1c D:\Projects\stm32/stm32f10x_rcc.o
 .text.RCC_LSICmd
                0x00000000       0x20 D:\Projects\stm32/stm32f10x_rcc.o
 .text.RCC_APB2PeriphResetCmd
                0x00000000       0x3c D:\Projects\stm32/stm32f10x_rcc.o
 .text.RCC_APB1PeriphResetCmd
                0x00000000       0x3c D:\Projects\stm32/stm32f10x_rcc.o
 .text.RCC_ClockSecuritySystemCmd
                0x00000000       0x20 D:\Projects\stm32/stm32f10x_rcc.o
 .text.RCC_MCOConfig
                0x00000000       0x20 D:\Projects\stm32/stm32f10x_rcc.o
 .text.RCC_ClearFlag
                0x00000000       0x1c D:\Projects\stm32/stm32f10x_rcc.o
 .text.RCC_GetITStatus
                0x00000000       0x40 D:\Projects\stm32/stm32f10x_rcc.o
 .text.RCC_ClearITPendingBit
                0x00000000       0x20 D:\Projects\stm32/stm32f10x_rcc.o
 .text          0x00000000        0x0 D:\Projects\stm32/stm32f10x_gpio.o
 .data          0x00000000        0x0 D:\Projects\stm32/stm32f10x_gpio.o
 .bss           0x00000000        0x0 D:\Projects\stm32/stm32f10x_gpio.o
 .text.GPIO_DeInit
                0x00000000       0xe4 D:\Projects\stm32/stm32f10x_gpio.o
 .text.GPIO_AFIODeInit
                0x00000000       0x18 D:\Projects\stm32/stm32f10x_gpio.o
 .text.GPIO_StructInit
                0x00000000       0x26 D:\Projects\stm32/stm32f10x_gpio.o
 .text.GPIO_ReadInputData
                0x00000000       0x18 D:\Projects\stm32/stm32f10x_gpio.o
 .text.GPIO_ReadOutputDataBit
                0x00000000       0x3c D:\Projects\stm32/stm32f10x_gpio.o
 .text.GPIO_ReadOutputData
                0x00000000       0x18 D:\Projects\stm32/stm32f10x_gpio.o
 .text.GPIO_WriteBit
                0x00000000       0x2e D:\Projects\stm32/stm32f10x_gpio.o
 .text.GPIO_Write
                0x00000000       0x1c D:\Projects\stm32/stm32f10x_gpio.o
 .text.GPIO_PinLockConfig
                0x00000000       0x42 D:\Projects\stm32/stm32f10x_gpio.o
 .text.GPIO_EventOutputConfig
                0x00000000       0x4c D:\Projects\stm32/stm32f10x_gpio.o
 .text.GPIO_EventOutputCmd
                0x00000000       0x20 D:\Projects\stm32/stm32f10x_gpio.o
 .text.GPIO_PinRemapConfig
                0x00000000       0xe0 D:\Projects\stm32/stm32f10x_gpio.o
 .text.GPIO_EXTILineConfig
                0x00000000       0x78 D:\Projects\stm32/stm32f10x_gpio.o
 .text.GPIO_ETH_MediaInterfaceConfig
                0x00000000       0x1c D:\Projects\stm32/stm32f10x_gpio.o
 .text          0x00000000        0x0 D:\Projects\stm32/stm32f10x_usart.o
 .data          0x00000000        0x0 D:\Projects\stm32/stm32f10x_usart.o
 .bss           0x00000000        0x0 D:\Projects\stm32/stm32f10x_usart.o
 .text.USART_DeInit
                0x00000000       0xb8 D:\Projects\stm32/stm32f10x_usart.o
 .text.USART_StructInit
                0x00000000       0x38 D:\Projects\stm32/stm32f10x_usart.o
 .text.USART_ClockInit
                0x00000000       0x56 D:\Projects\stm32/stm32f10x_usart.o
 .text.USART_ClockStructInit
                0x00000000       0x2a D:\Projects\stm32/stm32f10x_usart.o
 .text.USART_SetAddress
                0x00000000       0x38 D:\Projects\stm32/stm32f10x_usart.o
 .text.USART_WakeUpConfig
                0x00000000       0x36 D:\Projects\stm32/stm32f10x_usart.o
 .text.USART_ReceiverWakeUpCmd
                0x00000000       0x3e D:\Projects\stm32/stm32f10x_usart.o
 .text.USART_LINBreakDetectLengthConfig
                0x00000000       0x36 D:\Projects\stm32/stm32f10x_usart.o
 .text.USART_LINCmd
                0x00000000       0x3e D:\Projects\stm32/stm32f10x_usart.o
 .text.USART_SendData
                0x00000000       0x22 D:\Projects\stm32/stm32f10x_usart.o
 .text.USART_SendBreak
                0x00000000       0x22 D:\Projects\stm32/stm32f10x_usart.o
 .text.USART_SetGuardTime
                0x00000000       0x3a D:\Projects\stm32/stm32f10x_usart.o
 .text.USART_SetPrescaler
                0x00000000       0x38 D:\Projects\stm32/stm32f10x_usart.o
 .text.USART_SmartCardCmd
                0x00000000       0x3e D:\Projects\stm32/stm32f10x_usart.o
 .text.USART_SmartCardNACKCmd
                0x00000000       0x3e D:\Projects\stm32/stm32f10x_usart.o
 .text.USART_HalfDuplexCmd
                0x00000000       0x3e D:\Projects\stm32/stm32f10x_usart.o
 .text.USART_OverSampling8Cmd
                0x00000000       0x42 D:\Projects\stm32/stm32f10x_usart.o
 .text.USART_OneBitMethodCmd
                0x00000000       0x3e D:\Projects\stm32/stm32f10x_usart.o
 .text.USART_IrDAConfig
                0x00000000       0x36 D:\Projects\stm32/stm32f10x_usart.o
 .text.USART_IrDACmd
                0x00000000       0x3e D:\Projects\stm32/stm32f10x_usart.o
 .text.USART_GetFlagStatus
                0x00000000       0x40 D:\Projects\stm32/stm32f10x_usart.o
 .text.USART_ClearFlag
                0x00000000       0x20 D:\Projects\stm32/stm32f10x_usart.o
 .text.USART_GetITStatus
                0x00000000       0xb0 D:\Projects\stm32/stm32f10x_usart.o
 .text.USART_ClearITPendingBit
                0x00000000       0x38 D:\Projects\stm32/stm32f10x_usart.o
 .text          0x00000000        0x0 D:\Projects\stm32/stm32f10x_i2c.o
 .data          0x00000000        0x0 D:\Projects\stm32/stm32f10x_i2c.o
 .bss           0x00000000        0x0 D:\Projects\stm32/stm32f10x_i2c.o
 .text.I2C_DeInit
                0x00000000       0x48 D:\Projects\stm32/stm32f10x_i2c.o
 .text.I2C_StructInit
                0x00000000       0x3c D:\Projects\stm32/stm32f10x_i2c.o
 .text.I2C_DMACmd
                0x00000000       0x3e D:\Projects\stm32/stm32f10x_i2c.o
 .text.I2C_DMALastTransferCmd
                0x00000000       0x3e D:\Projects\stm32/stm32f10x_i2c.o
 .text.I2C_AcknowledgeConfig
                0x00000000       0x3e D:\Projects\stm32/stm32f10x_i2c.o
 .text.I2C_OwnAddress2Config
                0x00000000       0x3e D:\Projects\stm32/stm32f10x_i2c.o
 .text.I2C_DualAddressCmd
                0x00000000       0x3e D:\Projects\stm32/stm32f10x_i2c.o
 .text.I2C_GeneralCallCmd
                0x00000000       0x3e D:\Projects\stm32/stm32f10x_i2c.o
 .text.I2C_ITConfig
                0x00000000       0x46 D:\Projects\stm32/stm32f10x_i2c.o
 .text.I2C_ReceiveData
                0x00000000       0x1a D:\Projects\stm32/stm32f10x_i2c.o
 .text.I2C_ReadRegister
                0x00000000       0x2c D:\Projects\stm32/stm32f10x_i2c.o
 .text.I2C_SoftwareResetCmd
                0x00000000       0x42 D:\Projects\stm32/stm32f10x_i2c.o
 .text.I2C_NACKPositionConfig
                0x00000000       0x40 D:\Projects\stm32/stm32f10x_i2c.o
 .text.I2C_SMBusAlertConfig
                0x00000000       0x40 D:\Projects\stm32/stm32f10x_i2c.o
 .text.I2C_TransmitPEC
                0x00000000       0x3e D:\Projects\stm32/stm32f10x_i2c.o
 .text.I2C_PECPositionConfig
                0x00000000       0x40 D:\Projects\stm32/stm32f10x_i2c.o
 .text.I2C_CalculatePEC
                0x00000000       0x3e D:\Projects\stm32/stm32f10x_i2c.o
 .text.I2C_GetPEC
                0x00000000       0x1c D:\Projects\stm32/stm32f10x_i2c.o
 .text.I2C_ARPCmd
                0x00000000       0x3e D:\Projects\stm32/stm32f10x_i2c.o
 .text.I2C_StretchClockCmd
                0x00000000       0x3e D:\Projects\stm32/stm32f10x_i2c.o
 .text.I2C_FastModeDutyCycleConfig
                0x00000000       0x40 D:\Projects\stm32/stm32f10x_i2c.o
 .text.I2C_GetLastEvent
                0x00000000       0x42 D:\Projects\stm32/stm32f10x_i2c.o
 .text.I2C_ClearFlag
                0x00000000       0x2c D:\Projects\stm32/stm32f10x_i2c.o
 .text.I2C_GetITStatus
                0x00000000       0x62 D:\Projects\stm32/stm32f10x_i2c.o
 .text.I2C_ClearITPendingBit
                0x00000000       0x2c D:\Projects\stm32/stm32f10x_i2c.o
 .text          0x00000000        0x0 D:\Projects\stm32/stm32f10x_rtc.o
 .data          0x00000000        0x0 D:\Projects\stm32/stm32f10x_rtc.o
 .bss           0x00000000        0x0 D:\Projects\stm32/stm32f10x_rtc.o
 .text.RTC_ITConfig
                0x00000000       0x4c D:\Projects\stm32/stm32f10x_rtc.o
 .text.RTC_GetCounter
                0x00000000       0x2c D:\Projects\stm32/stm32f10x_rtc.o
 .text.RTC_SetAlarm
                0x00000000       0x30 D:\Projects\stm32/stm32f10x_rtc.o
 .text.RTC_GetDivider
                0x00000000       0x38 D:\Projects\stm32/stm32f10x_rtc.o
 .text.RTC_WaitForLastTask
                0x00000000       0x2c D:\Projects\stm32/stm32f10x_rtc.o
 .text.RTC_GetFlagStatus
                0x00000000       0x44 D:\Projects\stm32/stm32f10x_rtc.o
 .text.RTC_ClearFlag
                0x00000000       0x2c D:\Projects\stm32/stm32f10x_rtc.o
 .text.RTC_GetITStatus
                0x00000000       0x58 D:\Projects\stm32/stm32f10x_rtc.o
 .text.RTC_ClearITPendingBit
                0x00000000       0x2c D:\Projects\stm32/stm32f10x_rtc.o
 .text          0x00000000        0x0 D:\Projects\stm32/stm32f10x_pwr.o
 .data          0x00000000        0x0 D:\Projects\stm32/stm32f10x_pwr.o
 .bss           0x00000000        0x0 D:\Projects\stm32/stm32f10x_pwr.o
 .text.PWR_DeInit
                0x00000000       0x1c D:\Projects\stm32/stm32f10x_pwr.o
 .text.PWR_PVDCmd
                0x00000000       0x20 D:\Projects\stm32/stm32f10x_pwr.o
 .text.PWR_PVDLevelConfig
                0x00000000       0x38 D:\Projects\stm32/stm32f10x_pwr.o
 .text.PWR_WakeUpPinCmd
                0x00000000       0x20 D:\Projects\stm32/stm32f10x_pwr.o
 .text.PWR_EnterSTOPMode
                0x00000000       0x64 D:\Projects\stm32/stm32f10x_pwr.o
 .text.PWR_EnterSTANDBYMode
                0x00000000       0x3c D:\Projects\stm32/stm32f10x_pwr.o
 .text.PWR_GetFlagStatus
                0x00000000       0x3c D:\Projects\stm32/stm32f10x_pwr.o
 .text.PWR_ClearFlag
                0x00000000       0x24 D:\Projects\stm32/stm32f10x_pwr.o
 .text          0x00000000        0x0 D:\Projects\stm32/stm32f10x_dma.o
 .data          0x00000000        0x0 D:\Projects\stm32/stm32f10x_dma.o
 .bss           0x00000000        0x0 D:\Projects\stm32/stm32f10x_dma.o
 .text.DMA_DeInit
                0x00000000      0x178 D:\Projects\stm32/stm32f10x_dma.o
 .text.DMA_StructInit
                0x00000000       0x54 D:\Projects\stm32/stm32f10x_dma.o
 .text.DMA_SetCurrDataCounter
                0x00000000       0x1c D:\Projects\stm32/stm32f10x_dma.o
 .text.DMA_GetCurrDataCounter
                0x00000000       0x18 D:\Projects\stm32/stm32f10x_dma.o
 .text.DMA_GetFlagStatus
                0x00000000       0x50 D:\Projects\stm32/stm32f10x_dma.o
 .text.DMA_ClearFlag
                0x00000000       0x34 D:\Projects\stm32/stm32f10x_dma.o
 .text.DMA_GetITStatus
                0x00000000       0x50 D:\Projects\stm32/stm32f10x_dma.o
 .text          0x00000000        0x0 D:\Projects\stm32/stm32f10x_adc.o
 .data          0x00000000        0x0 D:\Projects\stm32/stm32f10x_adc.o
 .bss           0x00000000        0x0 D:\Projects\stm32/stm32f10x_adc.o
 .text.ADC_DeInit
                0x00000000       0x74 D:\Projects\stm32/stm32f10x_adc.o
 .text.ADC_StructInit
                0x00000000       0x36 D:\Projects\stm32/stm32f10x_adc.o
 .text.ADC_ITConfig
                0x00000000       0x44 D:\Projects\stm32/stm32f10x_adc.o
 .text.ADC_GetSoftwareStartConvStatus
                0x00000000       0x38 D:\Projects\stm32/stm32f10x_adc.o
 .text.ADC_DiscModeChannelCountConfig
                0x00000000       0x42 D:\Projects\stm32/stm32f10x_adc.o
 .text.ADC_DiscModeCmd
                0x00000000       0x36 D:\Projects\stm32/stm32f10x_adc.o
 .text.ADC_ExternalTrigConvCmd
                0x00000000       0x36 D:\Projects\stm32/stm32f10x_adc.o
 .text.ADC_GetDualModeConversionValue
                0x00000000       0x14 D:\Projects\stm32/stm32f10x_adc.o
 .text.ADC_InjectedDiscModeCmd
                0x00000000       0x36 D:\Projects\stm32/stm32f10x_adc.o
 .text.ADC_ExternalTrigInjectedConvCmd
                0x00000000       0x36 D:\Projects\stm32/stm32f10x_adc.o
 .text.ADC_SoftwareStartInjectedConvCmd
                0x00000000       0x36 D:\Projects\stm32/stm32f10x_adc.o
 .text.ADC_GetSoftwareStartInjectedConvCmdStatus
                0x00000000       0x38 D:\Projects\stm32/stm32f10x_adc.o
 .text.ADC_SetInjectedOffset
                0x00000000       0x32 D:\Projects\stm32/stm32f10x_adc.o
 .text.ADC_AnalogWatchdogCmd
                0x00000000       0x38 D:\Projects\stm32/stm32f10x_adc.o
 .text.ADC_AnalogWatchdogThresholdsConfig
                0x00000000       0x26 D:\Projects\stm32/stm32f10x_adc.o
 .text.ADC_AnalogWatchdogSingleChannelConfig
                0x00000000       0x36 D:\Projects\stm32/stm32f10x_adc.o
 .text.ADC_GetFlagStatus
                0x00000000       0x3c D:\Projects\stm32/stm32f10x_adc.o
 .text.ADC_ClearFlag
                0x00000000       0x1e D:\Projects\stm32/stm32f10x_adc.o
 .text.ADC_GetITStatus
                0x00000000       0x5c D:\Projects\stm32/stm32f10x_adc.o
 .text.ADC_ClearITPendingBit
                0x00000000       0x28 D:\Projects\stm32/stm32f10x_adc.o
 .group         0x00000000        0x8 D:\Projects\stm32/delay.o
 .text          0x00000000        0x0 D:\Projects\stm32/delay.o
 .data          0x00000000        0x0 D:\Projects\stm32/delay.o
 .text          0x00000000        0x0 D:\Projects\stm32/SysClock.o
 .data          0x00000000        0x0 D:\Projects\stm32/SysClock.o
 .bss           0x00000000        0x0 D:\Projects\stm32/SysClock.o
 .text          0x00000000        0x0 D:\Projects\stm32/gpio.o
 .data          0x00000000        0x0 D:\Projects\stm32/gpio.o
 .bss           0x00000000        0x0 D:\Projects\stm32/gpio.o
 .text          0x00000000        0x0 D:\Projects\stm32/led.o
 .data          0x00000000        0x0 D:\Projects\stm32/led.o
 .bss           0x00000000        0x0 D:\Projects\stm32/led.o
 .text          0x00000000        0x0 D:\Projects\stm32/usart.o
 .data          0x00000000        0x0 D:\Projects\stm32/usart.o
 .text._ZN5USART12sendBlockingEc
                0x00000000       0x42 D:\Projects\stm32/usart.o
 .text._ZN5USART12sendBlockingEPKc
                0x00000000       0x4c D:\Projects\stm32/usart.o
 .text._ZN5USART4sendEh
                0x00000000       0x3a D:\Projects\stm32/usart.o
 .text._ZN5USART4sendEPKhm
                0x00000000       0x5c D:\Projects\stm32/usart.o
 .text._ZN5USART5clearEv
                0x00000000       0x1a D:\Projects\stm32/usart.o
 .text          0x00000000        0x0 D:\Projects\stm32/oneWire.o
 .data          0x00000000        0x0 D:\Projects\stm32/oneWire.o
 .bss           0x00000000        0x0 D:\Projects\stm32/oneWire.o
 .text._ZN7OneWire8MatchROMEPKh
                0x00000000       0x58 D:\Projects\stm32/oneWire.o
 .text._ZN7OneWire7SkipROMEv
                0x00000000       0x34 D:\Projects\stm32/oneWire.o
 .text          0x00000000        0x0 D:\Projects\stm32/oneWireSearch.o
 .data          0x00000000        0x0 D:\Projects\stm32/oneWireSearch.o
 .bss           0x00000000        0x0 D:\Projects\stm32/oneWireSearch.o
 .text._ZN13OneWireSearch6verifyEv
                0x00000000       0xe0 D:\Projects\stm32/oneWireSearch.o
 .text._ZN13OneWireSearch11targetSetupEh
                0x00000000       0x4e D:\Projects\stm32/oneWireSearch.o
 .text._ZN13OneWireSearch15familySkipSetupEv
                0x00000000       0x2e D:\Projects\stm32/oneWireSearch.o
 .text._ZN13OneWireSearch10searchOnlyEh
                0x00000000       0x9c D:\Projects\stm32/oneWireSearch.o
 .text._ZN13OneWireSearch12searchExceptEh
                0x00000000       0x96 D:\Projects\stm32/oneWireSearch.o
 .text          0x00000000        0x0 D:\Projects\stm32/ds18b20.o
 .data          0x00000000        0x0 D:\Projects\stm32/ds18b20.o
 .bss           0x00000000        0x0 D:\Projects\stm32/ds18b20.o
 .text._ZN7DS18B20C2ER5DelayP12GPIO_TypeDeftPhS4_S4_NS_10ResolutionE
                0x00000000       0x6e D:\Projects\stm32/ds18b20.o
 .text._ZN7DS18B2013setResolutionENS_10ResolutionE
                0x00000000       0x1c D:\Projects\stm32/ds18b20.o
 .text._ZN7DS18B2013getResolutionEv
                0x00000000       0x16 D:\Projects\stm32/ds18b20.o
 .text._ZN7DS18B2012setAlarmTempEaa
                0x00000000       0x46 D:\Projects\stm32/ds18b20.o
 .text._ZN7DS18B2015writeScratchpadEv
                0x00000000       0x44 D:\Projects\stm32/ds18b20.o
 .text._ZN7DS18B2014readScratchpadEv
                0x00000000       0xa2 D:\Projects\stm32/ds18b20.o
 .text._ZN7DS18B2014copyScratchpadEv
                0x00000000       0x68 D:\Projects\stm32/ds18b20.o
 .text._ZN7DS18B208recallEEEv
                0x00000000       0x52 D:\Projects\stm32/ds18b20.o
 .text._ZN7DS18B2015readPowerSupplyEv
                0x00000000       0x2e D:\Projects\stm32/ds18b20.o
 .text._ZN7DS18B208convertTEv
                0x00000000       0xb4 D:\Projects\stm32/ds18b20.o
 .debug_info    0x00000000      0xa03 D:\Projects\stm32/ds18b20.o
 .debug_abbrev  0x00000000      0x2c7 D:\Projects\stm32/ds18b20.o
 .debug_aranges
                0x00000000       0x68 D:\Projects\stm32/ds18b20.o
 .debug_ranges  0x00000000       0x58 D:\Projects\stm32/ds18b20.o
 .debug_line    0x00000000      0x353 D:\Projects\stm32/ds18b20.o
 .debug_str     0x00000000      0x796 D:\Projects\stm32/ds18b20.o
 .comment       0x00000000       0x7f D:\Projects\stm32/ds18b20.o
 .debug_frame   0x00000000      0x188 D:\Projects\stm32/ds18b20.o
 .ARM.attributes
                0x00000000       0x33 D:\Projects\stm32/ds18b20.o
 .text          0x00000000        0x0 D:\Projects\stm32/i2c.o
 .data          0x00000000        0x0 D:\Projects\stm32/i2c.o
 .bss           0x00000000        0x0 D:\Projects\stm32/i2c.o
 .text._ZNK3I2c4readEv
                0x00000000       0x40 D:\Projects\stm32/i2c.o
 .group         0x00000000        0xc D:\Projects\stm32/lcd.o
 .group         0x00000000        0xc D:\Projects\stm32/lcd.o
 .group         0x00000000        0xc D:\Projects\stm32/lcd.o
 .group         0x00000000        0xc D:\Projects\stm32/lcd.o
 .text          0x00000000        0x0 D:\Projects\stm32/lcd.o
 .data          0x00000000        0x0 D:\Projects\stm32/lcd.o
 .bss           0x00000000        0x0 D:\Projects\stm32/lcd.o
 .text._ZN3Lcd10cursorGoToEhh
                0x00000000       0x3c D:\Projects\stm32/lcd.o
 .text._ZN3Lcd10displaySetEh
                0x00000000       0x4a D:\Projects\stm32/lcd.o
 .text._ZN3Lcd9cursorSetEh
                0x00000000       0x4a D:\Projects\stm32/lcd.o
 .text._ZN3Lcd14cursorBlinkSetEh
                0x00000000       0x4a D:\Projects\stm32/lcd.o
 .text._ZN3Lcd6scrollEhh
                0x00000000       0x48 D:\Projects\stm32/lcd.o
 .text._ZN3Lcd11textFlowSetEh
                0x00000000       0x4a D:\Projects\stm32/lcd.o
 .text._ZN3Lcd13autoScrollSetEh
                0x00000000       0x4a D:\Projects\stm32/lcd.o
 .text._ZN3Lcd16loadCustomSymbolEhPh
                0x00000000       0x56 D:\Projects\stm32/lcd.o
 .group         0x00000000        0xc D:\Projects\stm32/rtc.o
 .text          0x00000000        0x0 D:\Projects\stm32/rtc.o
 .data          0x00000000        0x0 D:\Projects\stm32/rtc.o
 .bss           0x00000000        0x0 D:\Projects\stm32/rtc.o
 .text._ZN13RealTimeClock7setTimeEm
                0x00000000       0x18 D:\Projects\stm32/rtc.o
 .text._ZNK13RealTimeClock7getTimeER8DateTime
                0x00000000       0x20 D:\Projects\stm32/rtc.o
 .text._ZNK13RealTimeClock11getUnixTimeEv
                0x00000000       0x16 D:\Projects\stm32/rtc.o
 .text          0x00000000        0x0 D:\Projects\stm32/adc.o
 .data          0x00000000        0x0 D:\Projects\stm32/adc.o
 .bss           0x00000000        0x0 D:\Projects\stm32/adc.o
 .text          0x00000000        0x0 D:\Projects\stm32/convertation.o
 .data          0x00000000        0x0 D:\Projects\stm32/convertation.o
 .text._Z13unix2DateTimeR8DateTimem
                0x00000000      0x1dc D:\Projects\stm32/convertation.o
 .text          0x00000000        0x0 D:\Projects\stm32/crc.o
 .bss           0x00000000        0x0 D:\Projects\stm32/crc.o
 .text._Z13calcCRC_1wirehh
                0x00000000       0x58 D:\Projects\stm32/crc.o
 .group         0x00000000        0xc D:\Projects\stm32/main.o
 .text          0x00000000        0x0 D:\Projects\stm32/main.o
 .data          0x00000000        0x0 D:\Projects\stm32/main.o
 .bss           0x00000000        0x0 D:\Projects\stm32/main.o

Memory Configuration

Name             Origin             Length             Attributes
ROM              0x08000000         0x00010000         xr
RAM              0x20000000         0x00005000         xrw
*default*        0x00000000         0xffffffff

Linker script and memory map


.text           0x08000000     0x39e1
 *(.isr_vector)
 .isr_vector    0x08000000       0xec D:\Projects\stm32/startup_stm32f10x_md.o
                0x08000000                __isr_vector
 *(.text*)
 .text.NVIC_Init
                0x080000ec       0xbc D:\Projects\stm32/misc.o
                0x080000ec                NVIC_Init
 .text          0x080001a8       0xb8 D:\Projects\stm32/startup_stm32f10x_md.o
                0x080001a8                Reset_Handler
                0x080001d8                _start
                0x080001ee                NMI_Handler
                0x080001f0                HardFault_Handler
                0x080001f2                MemManage_Handler
                0x080001f4                BusFault_Handler
                0x080001f6                UsageFault_Handler
                0x080001f8                SVC_Handler
                0x080001fa                DebugMon_Handler
                0x080001fc                PendSV_Handler
                0x08000200                Default_Handler
                0x08000202                WWDG_IRQHandler
                0x08000204                PVD_IRQHandler
                0x08000206                TAMPER_IRQHandler
                0x08000208                RTC_IRQHandler
                0x0800020a                FLASH_IRQHandler
                0x0800020c                RCC_IRQHandler
                0x0800020e                EXTI0_IRQHandler
                0x08000210                EXTI1_IRQHandler
                0x08000212                EXTI2_IRQHandler
                0x08000214                EXTI3_IRQHandler
                0x08000216                EXTI4_IRQHandler
                0x08000218                DMA1_Channel1_IRQHandler
                0x0800021a                DMA1_Channel2_IRQHandler
                0x0800021c                DMA1_Channel3_IRQHandler
                0x08000220                DMA1_Channel5_IRQHandler
                0x08000222                DMA1_Channel6_IRQHandler
                0x08000226                ADC1_2_IRQHandler
                0x08000228                USB_HP_CAN1_TX_IRQHandler
                0x0800022a                USB_LP_CAN1_RX0_IRQHandler
                0x0800022c                CAN1_RX1_IRQHandler
                0x0800022e                CAN1_SCE_IRQHandler
                0x08000230                EXTI9_5_IRQHandler
                0x08000232                TIM1_BRK_IRQHandler
                0x08000234                TIM1_UP_IRQHandler
                0x08000236                TIM1_TRG_COM_IRQHandler
                0x08000238                TIM1_CC_IRQHandler
                0x0800023a                TIM2_IRQHandler
                0x0800023c                TIM3_IRQHandler
                0x0800023e                TIM4_IRQHandler
                0x08000240                I2C1_EV_IRQHandler
                0x08000242                I2C1_ER_IRQHandler
                0x08000244                I2C2_EV_IRQHandler
                0x08000246                I2C2_ER_IRQHandler
                0x08000248                SPI1_IRQHandler
                0x0800024a                SPI2_IRQHandler
                0x08000250                USART3_IRQHandler
                0x08000252                EXTI15_10_IRQHandler
                0x08000254                RTCAlarm_IRQHandler
                0x08000256                USBWakeUp_IRQHandler
 .text.SystemInit
                0x08000260       0x68 D:\Projects\stm32/system_stm32f10x.o
                0x08000260                SystemInit
 .text.SystemCoreClockUpdate
                0x080002c8       0xe4 D:\Projects\stm32/system_stm32f10x.o
                0x080002c8                SystemCoreClockUpdate
 .text._ZL11SetSysClockv
                0x080003ac        0xc D:\Projects\stm32/system_stm32f10x.o
 .text._ZL15SetSysClockTo72v
                0x080003b8      0x134 D:\Projects\stm32/system_stm32f10x.o
 .text.RCC_DeInit
                0x080004ec       0x5c D:\Projects\stm32/stm32f10x_rcc.o
                0x080004ec                RCC_DeInit
 .text.RCC_HSEConfig
                0x08000548       0x5c D:\Projects\stm32/stm32f10x_rcc.o
                0x08000548                RCC_HSEConfig
 .text.RCC_WaitForHSEStartUp
                0x080005a4       0x66 D:\Projects\stm32/stm32f10x_rcc.o
                0x080005a4                RCC_WaitForHSEStartUp
 *fill*         0x0800060a        0x2 
 .text.RCC_PLLConfig
                0x0800060c       0x3c D:\Projects\stm32/stm32f10x_rcc.o
                0x0800060c                RCC_PLLConfig
 .text.RCC_PLLCmd
                0x08000648       0x20 D:\Projects\stm32/stm32f10x_rcc.o
                0x08000648                RCC_PLLCmd
 .text.RCC_SYSCLKConfig
                0x08000668       0x38 D:\Projects\stm32/stm32f10x_rcc.o
                0x08000668                RCC_SYSCLKConfig
 .text.RCC_GetSYSCLKSource
                0x080006a0       0x1c D:\Projects\stm32/stm32f10x_rcc.o
                0x080006a0                RCC_GetSYSCLKSource
 .text.RCC_HCLKConfig
                0x080006bc       0x38 D:\Projects\stm32/stm32f10x_rcc.o
                0x080006bc                RCC_HCLKConfig
 .text.RCC_PCLK1Config
                0x080006f4       0x38 D:\Projects\stm32/stm32f10x_rcc.o
                0x080006f4                RCC_PCLK1Config
 .text.RCC_PCLK2Config
                0x0800072c       0x38 D:\Projects\stm32/stm32f10x_rcc.o
                0x0800072c                RCC_PCLK2Config
 .text.RCC_ADCCLKConfig
                0x08000764       0x38 D:\Projects\stm32/stm32f10x_rcc.o
                0x08000764                RCC_ADCCLKConfig
 .text.RCC_LSEConfig
                0x0800079c       0x40 D:\Projects\stm32/stm32f10x_rcc.o
                0x0800079c                RCC_LSEConfig
 .text.RCC_RTCCLKConfig
                0x080007dc       0x24 D:\Projects\stm32/stm32f10x_rcc.o
                0x080007dc                RCC_RTCCLKConfig
 .text.RCC_RTCCLKCmd
                0x08000800       0x20 D:\Projects\stm32/stm32f10x_rcc.o
                0x08000800                RCC_RTCCLKCmd
 .text.RCC_GetClocksFreq
                0x08000820      0x16c D:\Projects\stm32/stm32f10x_rcc.o
                0x08000820                RCC_GetClocksFreq
 .text.RCC_AHBPeriphClockCmd
                0x0800098c       0x3c D:\Projects\stm32/stm32f10x_rcc.o
                0x0800098c                RCC_AHBPeriphClockCmd
 .text.RCC_APB2PeriphClockCmd
                0x080009c8       0x3c D:\Projects\stm32/stm32f10x_rcc.o
                0x080009c8                RCC_APB2PeriphClockCmd
 .text.RCC_APB1PeriphClockCmd
                0x08000a04       0x3c D:\Projects\stm32/stm32f10x_rcc.o
                0x08000a04                RCC_APB1PeriphClockCmd
 .text.RCC_BackupResetCmd
                0x08000a40       0x20 D:\Projects\stm32/stm32f10x_rcc.o
                0x08000a40                RCC_BackupResetCmd
 .text.RCC_GetFlagStatus
                0x08000a60       0x70 D:\Projects\stm32/stm32f10x_rcc.o
                0x08000a60                RCC_GetFlagStatus
 .text.GPIO_Init
                0x08000ad0      0x178 D:\Projects\stm32/stm32f10x_gpio.o
                0x08000ad0                GPIO_Init
 .text.GPIO_ReadInputDataBit
                0x08000c48       0x3c D:\Projects\stm32/stm32f10x_gpio.o
                0x08000c48                GPIO_ReadInputDataBit
 .text.GPIO_SetBits
                0x08000c84       0x1c D:\Projects\stm32/stm32f10x_gpio.o
                0x08000c84                GPIO_SetBits
 .text.GPIO_ResetBits
                0x08000ca0       0x1c D:\Projects\stm32/stm32f10x_gpio.o
                0x08000ca0                GPIO_ResetBits
 .text.USART_Init
                0x08000cbc      0x180 D:\Projects\stm32/stm32f10x_usart.o
                0x08000cbc                USART_Init
 .text.USART_Cmd
                0x08000e3c       0x3e D:\Projects\stm32/stm32f10x_usart.o
                0x08000e3c                USART_Cmd
 .text.USART_ITConfig
                0x08000e7a       0x8c D:\Projects\stm32/stm32f10x_usart.o
                0x08000e7a                USART_ITConfig
 .text.USART_DMACmd
                0x08000f06       0x46 D:\Projects\stm32/stm32f10x_usart.o
                0x08000f06                USART_DMACmd
 .text.USART_ReceiveData
                0x08000f4c       0x1e D:\Projects\stm32/stm32f10x_usart.o
                0x08000f4c                USART_ReceiveData
 *fill*         0x08000f6a        0x2 
 .text.I2C_Init
                0x08000f6c      0x184 D:\Projects\stm32/stm32f10x_i2c.o
                0x08000f6c                I2C_Init
 .text.I2C_Cmd  0x080010f0       0x3e D:\Projects\stm32/stm32f10x_i2c.o
                0x080010f0                I2C_Cmd
 .text.I2C_GenerateSTART
                0x0800112e       0x3e D:\Projects\stm32/stm32f10x_i2c.o
                0x0800112e                I2C_GenerateSTART
 .text.I2C_GenerateSTOP
                0x0800116c       0x3e D:\Projects\stm32/stm32f10x_i2c.o
                0x0800116c                I2C_GenerateSTOP
 .text.I2C_SendData
                0x080011aa       0x1e D:\Projects\stm32/stm32f10x_i2c.o
                0x080011aa                I2C_SendData
 .text.I2C_Send7bitAddress
                0x080011c8       0x3a D:\Projects\stm32/stm32f10x_i2c.o
                0x080011c8                I2C_Send7bitAddress
 .text.I2C_CheckEvent
                0x08001202       0x5e D:\Projects\stm32/stm32f10x_i2c.o
                0x08001202                I2C_CheckEvent
 .text.I2C_GetFlagStatus
                0x08001260       0x78 D:\Projects\stm32/stm32f10x_i2c.o
                0x08001260                I2C_GetFlagStatus
 .text.RTC_EnterConfigMode
                0x080012d8       0x20 D:\Projects\stm32/stm32f10x_rtc.o
                0x080012d8                RTC_EnterConfigMode
 .text.RTC_ExitConfigMode
                0x080012f8       0x20 D:\Projects\stm32/stm32f10x_rtc.o
                0x080012f8                RTC_ExitConfigMode
 .text.RTC_SetCounter
                0x08001318       0x30 D:\Projects\stm32/stm32f10x_rtc.o
                0x08001318                RTC_SetCounter
 .text.RTC_SetPrescaler
                0x08001348       0x34 D:\Projects\stm32/stm32f10x_rtc.o
                0x08001348                RTC_SetPrescaler
 .text.RTC_WaitForSynchro
                0x0800137c       0x3c D:\Projects\stm32/stm32f10x_rtc.o
                0x0800137c                RTC_WaitForSynchro
 .text.PWR_BackupAccessCmd
                0x080013b8       0x20 D:\Projects\stm32/stm32f10x_pwr.o
                0x080013b8                PWR_BackupAccessCmd
 .text.DMA_Init
                0x080013d8       0x7c D:\Projects\stm32/stm32f10x_dma.o
                0x080013d8                DMA_Init
 .text.DMA_Cmd  0x08001454       0x38 D:\Projects\stm32/stm32f10x_dma.o
                0x08001454                DMA_Cmd
 .text.DMA_ITConfig
                0x0800148c       0x3a D:\Projects\stm32/stm32f10x_dma.o
                0x0800148c                DMA_ITConfig
 *fill*         0x080014c6        0x2 
 .text.DMA_ClearITPendingBit
                0x080014c8       0x34 D:\Projects\stm32/stm32f10x_dma.o
                0x080014c8                DMA_ClearITPendingBit
 .text.ADC_Init
                0x080014fc       0xa4 D:\Projects\stm32/stm32f10x_adc.o
                0x080014fc                ADC_Init
 .text.ADC_Cmd  0x080015a0       0x36 D:\Projects\stm32/stm32f10x_adc.o
                0x080015a0                ADC_Cmd
 .text.ADC_DMACmd
                0x080015d6       0x36 D:\Projects\stm32/stm32f10x_adc.o
                0x080015d6                ADC_DMACmd
 .text.ADC_ResetCalibration
                0x0800160c       0x1e D:\Projects\stm32/stm32f10x_adc.o
                0x0800160c                ADC_ResetCalibration
 .text.ADC_GetResetCalibrationStatus
                0x0800162a       0x38 D:\Projects\stm32/stm32f10x_adc.o
                0x0800162a                ADC_GetResetCalibrationStatus
 .text.ADC_StartCalibration
                0x08001662       0x1e D:\Projects\stm32/stm32f10x_adc.o
                0x08001662                ADC_StartCalibration
 .text.ADC_GetCalibrationStatus
                0x08001680       0x38 D:\Projects\stm32/stm32f10x_adc.o
                0x08001680                ADC_GetCalibrationStatus
 .text.ADC_SoftwareStartConvCmd
                0x080016b8       0x36 D:\Projects\stm32/stm32f10x_adc.o
                0x080016b8                ADC_SoftwareStartConvCmd
 .text.ADC_RegularChannelConfig
                0x080016ee      0x192 D:\Projects\stm32/stm32f10x_adc.o
                0x080016ee                ADC_RegularChannelConfig
 .text.ADC_GetConversionValue
                0x08001880       0x18 D:\Projects\stm32/stm32f10x_adc.o
                0x08001880                ADC_GetConversionValue
 .text.ADC_AutoInjectedConvCmd
                0x08001898       0x36 D:\Projects\stm32/stm32f10x_adc.o
                0x08001898                ADC_AutoInjectedConvCmd
 .text.ADC_ExternalTrigInjectedConvConfig
                0x080018ce       0x34 D:\Projects\stm32/stm32f10x_adc.o
                0x080018ce                ADC_ExternalTrigInjectedConvConfig
 .text.ADC_InjectedChannelConfig
                0x08001902      0x120 D:\Projects\stm32/stm32f10x_adc.o
                0x08001902                ADC_InjectedChannelConfig
 .text.ADC_InjectedSequencerLengthConfig
                0x08001a22       0x42 D:\Projects\stm32/stm32f10x_adc.o
                0x08001a22                ADC_InjectedSequencerLengthConfig
 .text.ADC_GetInjectedConversionValue
                0x08001a64       0x2e D:\Projects\stm32/stm32f10x_adc.o
                0x08001a64                ADC_GetInjectedConversionValue
 *fill*         0x08001a92        0x2 
 .text.ADC_TempSensorVrefintCmd
                0x08001a94       0x38 D:\Projects\stm32/stm32f10x_adc.o
                0x08001a94                ADC_TempSensorVrefintCmd
 .text.__NVIC_SetPriority
                0x08001acc       0x5c D:\Projects\stm32/delay.o
 .text.SysTick_Config
                0x08001b28       0x44 D:\Projects\stm32/delay.o
 .text.SysTick_Handler
                0x08001b6c       0x24 D:\Projects\stm32/delay.o
                0x08001b6c                SysTick_Handler
 .text._ZN5DelayC2Ev
                0x08001b90       0x74 D:\Projects\stm32/delay.o
                0x08001b90                Delay::Delay()
                0x08001b90                Delay::Delay()
 .text._ZNK5Delay2msEm
                0x08001c04       0x28 D:\Projects\stm32/delay.o
                0x08001c04                Delay::ms(unsigned long) const
 .text._ZNK5Delay2usEm
                0x08001c2c       0x4c D:\Projects\stm32/delay.o
                0x08001c2c                Delay::us(unsigned long) const
 .text._ZNK5Delay15getSysTickValueEv
                0x08001c78       0x1c D:\Projects\stm32/delay.o
                0x08001c78                Delay::getSysTickValue() const
 .text._Z41__static_initialization_and_destruction_0ii
                0x08001c94       0x40 D:\Projects\stm32/delay.o
 .text._GLOBAL__sub_I_SysTick_Handler
                0x08001cd4       0x10 D:\Projects\stm32/delay.o
 .text._Z15SetSysClockTo72v
                0x08001ce4       0x84 D:\Projects\stm32/SysClock.o
                0x08001ce4                SetSysClockTo72()
 .text._Z12GPIO_Init_MyP12GPIO_TypeDeft16GPIOMode_TypeDef17GPIOSpeed_TypeDef
                0x08001d68       0xc4 D:\Projects\stm32/gpio.o
                0x08001d68                GPIO_Init_My(GPIO_TypeDef*, unsigned short, GPIOMode_TypeDef, GPIOSpeed_TypeDef)
 .text._ZN3LEDC2EP12GPIO_TypeDeft
                0x08001e2c       0x36 D:\Projects\stm32/led.o
                0x08001e2c                LED::LED(GPIO_TypeDef*, unsigned short)
                0x08001e2c                LED::LED(GPIO_TypeDef*, unsigned short)
 .text._ZN3LED2onEv
                0x08001e62       0x26 D:\Projects\stm32/led.o
                0x08001e62                LED::on()
 .text._ZN3LED3offEv
                0x08001e88       0x26 D:\Projects\stm32/led.o
                0x08001e88                LED::off()
 .text._ZN3LED6invertEv
                0x08001eae       0x26 D:\Projects\stm32/led.o
                0x08001eae                LED::invert()
 .text.__NVIC_EnableIRQ
                0x08001ed4       0x3c D:\Projects\stm32/usart.o
 .text.USART1_IRQHandler
                0x08001f10       0x58 D:\Projects\stm32/usart.o
                0x08001f10                USART1_IRQHandler
 .text.USART2_IRQHandler
                0x08001f68       0x58 D:\Projects\stm32/usart.o
                0x08001f68                USART2_IRQHandler
 .text.DMA1_Channel4_IRQHandler
                0x08001fc0       0x1c D:\Projects\stm32/usart.o
                0x08001fc0                DMA1_Channel4_IRQHandler
 .text.DMA1_Channel7_IRQHandler
                0x08001fdc       0x1c D:\Projects\stm32/usart.o
                0x08001fdc                DMA1_Channel7_IRQHandler
 .text._ZN5USARTC2Eimttt
                0x08001ff8      0x1cc D:\Projects\stm32/usart.o
                0x08001ff8                USART::USART(int, unsigned long, unsigned short, unsigned short, unsigned short)
                0x08001ff8                USART::USART(int, unsigned long, unsigned short, unsigned short, unsigned short)
 .text._ZN5USART3setEmttt
                0x080021c4       0x46 D:\Projects\stm32/usart.o
                0x080021c4                USART::set(unsigned long, unsigned short, unsigned short, unsigned short)
 .text._ZN5USART4sendEPKh
                0x0800220a       0x5e D:\Projects\stm32/usart.o
                0x0800220a                USART::send(unsigned char const*)
 .text._ZN5USART8getCountEv
                0x08002268       0x18 D:\Projects\stm32/usart.o
                0x08002268                USART::getCount()
 .text._ZN5USART7getDataEv
                0x08002280       0x16 D:\Projects\stm32/usart.o
                0x08002280                USART::getData()
 .text._ZN7OneWireC2ER5DelayP12GPIO_TypeDeftPhS4_S4_
                0x08002296       0x7e D:\Projects\stm32/oneWire.o
                0x08002296                OneWire::OneWire(Delay&, GPIO_TypeDef*, unsigned short, unsigned char*, unsigned char*, unsigned char*)
                0x08002296                OneWire::OneWire(Delay&, GPIO_TypeDef*, unsigned short, unsigned char*, unsigned char*, unsigned char*)
 .text._ZN7OneWire13WriteTimeslotEh
                0x08002314       0x7a D:\Projects\stm32/oneWire.o
                0x08002314                OneWire::WriteTimeslot(unsigned char)
 .text._ZN7OneWire12ReadTimeslotEv
                0x0800238e       0x76 D:\Projects\stm32/oneWire.o
                0x0800238e                OneWire::ReadTimeslot()
 .text._ZN7OneWire14InitializationEv
                0x08002404       0x8e D:\Projects\stm32/oneWire.o
                0x08002404                OneWire::Initialization()
 .text._ZN7OneWire9WriteByteEh
                0x08002492       0x3c D:\Projects\stm32/oneWire.o
                0x08002492                OneWire::WriteByte(unsigned char)
 .text._ZN7OneWire8ReadByteEv
                0x080024ce       0x3e D:\Projects\stm32/oneWire.o
                0x080024ce                OneWire::ReadByte()
 .text._ZN7OneWire7ReadROMEPh
                0x0800250c       0x58 D:\Projects\stm32/oneWire.o
                0x0800250c                OneWire::ReadROM(unsigned char*)
 .text._ZN13OneWireSearchC2ER7OneWire
                0x08002564       0x34 D:\Projects\stm32/oneWireSearch.o
                0x08002564                OneWireSearch::OneWireSearch(OneWire&)
                0x08002564                OneWireSearch::OneWireSearch(OneWire&)
 .text._ZN13OneWireSearch5firstEv
                0x08002598       0x2a D:\Projects\stm32/oneWireSearch.o
                0x08002598                OneWireSearch::first()
 .text._ZN13OneWireSearch4nextEv
                0x080025c2       0x18 D:\Projects\stm32/oneWireSearch.o
                0x080025c2                OneWireSearch::next()
 .text._ZN13OneWireSearch6searchEv
                0x080025da      0x1dc D:\Projects\stm32/oneWireSearch.o
                0x080025da                OneWireSearch::search()
 .text._ZN13OneWireSearch16searchAllDevicesEv
                0x080027b6       0x7e D:\Projects\stm32/oneWireSearch.o
                0x080027b6                OneWireSearch::searchAllDevices()
 .text._ZN3I2cC2Ehh
                0x08002834       0xc8 D:\Projects\stm32/i2c.o
                0x08002834                I2c::I2c(unsigned char, unsigned char)
                0x08002834                I2c::I2c(unsigned char, unsigned char)
 .text._ZNK3I2c13startTransmitEh
                0x080028fc       0xc8 D:\Projects\stm32/i2c.o
                0x080028fc                I2c::startTransmit(unsigned char) const
 .text._ZNK3I2c5writeEh
                0x080029c4       0x44 D:\Projects\stm32/i2c.o
                0x080029c4                I2c::write(unsigned char) const
 .text._ZNK3I2c12stopTransmitEv
                0x08002a08       0x40 D:\Projects\stm32/i2c.o
                0x08002a08                I2c::stopTransmit() const
 .text._ZN3LcdC2ER3I2cR5Delayh
                0x08002a48      0x12e D:\Projects\stm32/lcd.o
                0x08002a48                Lcd::Lcd(I2c&, Delay&, unsigned char)
                0x08002a48                Lcd::Lcd(I2c&, Delay&, unsigned char)
 .text._ZN3Lcd10write4bitsEh
                0x08002b76       0x82 D:\Projects\stm32/lcd.o
                0x08002b76                Lcd::write4bits(unsigned char)
 .text._ZN3Lcd9writeDataEhh
                0x08002bf8       0x46 D:\Projects\stm32/lcd.o
                0x08002bf8                Lcd::writeData(unsigned char, unsigned char)
 .text._ZN3Lcd15sendInstructionEh
                0x08002c3e       0x20 D:\Projects\stm32/lcd.o
                0x08002c3e                Lcd::sendInstruction(unsigned char)
 .text._ZN3Lcd8sendDataEh
                0x08002c5e       0x20 D:\Projects\stm32/lcd.o
                0x08002c5e                Lcd::sendData(unsigned char)
 .text._ZN3Lcd5clearEv
                0x08002c7e       0x24 D:\Projects\stm32/lcd.o
                0x08002c7e                Lcd::clear()
 .text._ZN3Lcd4homeEv
                0x08002ca2       0x24 D:\Projects\stm32/lcd.o
                0x08002ca2                Lcd::home()
 .text._ZN3Lcd12backlightSetEh
                0x08002cc6       0x30 D:\Projects\stm32/lcd.o
                0x08002cc6                Lcd::backlightSet(unsigned char)
 .text._ZN3Lcd4putsEPKc
                0x08002cf6       0x2c D:\Projects\stm32/lcd.o
                0x08002cf6                Lcd::puts(char const*)
 *fill*         0x08002d22        0x2 
 .text._ZN13RealTimeClockC2ER5Delay
                0x08002d24       0x54 D:\Projects\stm32/rtc.o
                0x08002d24                RealTimeClock::RealTimeClock(Delay&)
                0x08002d24                RealTimeClock::RealTimeClock(Delay&)
 .text._ZN13RealTimeClock4initEv
                0x08002d78       0x88 D:\Projects\stm32/rtc.o
                0x08002d78                RealTimeClock::init()
 .text._ZN13RealTimeClock7setTimeERK8DateTime
                0x08002e00       0x20 D:\Projects\stm32/rtc.o
                0x08002e00                RealTimeClock::setTime(DateTime const&)
 .text._ZN3ADCC2EmmNS_15ResultStoreModeEmPKh
                0x08002e20       0xd8 D:\Projects\stm32/adc.o
                0x08002e20                ADC::ADC(unsigned long, unsigned long, ADC::ResultStoreMode, unsigned long, unsigned char const*)
                0x08002e20                ADC::ADC(unsigned long, unsigned long, ADC::ResultStoreMode, unsigned long, unsigned char const*)
 .text._ZN3ADC4initEv
                0x08002ef8      0x2d0 D:\Projects\stm32/adc.o
                0x08002ef8                ADC::init()
 .text._ZN3ADC8getValueEm
                0x080031c8       0x52 D:\Projects\stm32/adc.o
                0x080031c8                ADC::getValue(unsigned long)
 *fill*         0x0800321a        0x2 
 .text._Z4itoaji
                0x0800321c       0x90 D:\Projects\stm32/convertation.o
                0x0800321c                itoa(unsigned int, int)
 .text._Z13dateTime2UnixRK8DateTime
                0x080032ac      0x130 D:\Projects\stm32/convertation.o
                0x080032ac                dateTime2Unix(DateTime const&)
 .text._Z18calcCRC_1wireQuickhh
                0x080033dc       0x2c D:\Projects\stm32/crc.o
                0x080033dc                calcCRC_1wireQuick(unsigned char, unsigned char)
 .text._ZN5USARTlsEPKc
                0x08003408       0x1c D:\Projects\stm32/main.o
                0x08003408                USART::operator<<(char const*)
 .text._Z12TakeTimeoutsR5USARTR5DelayPh
                0x08003424       0xa0 D:\Projects\stm32/main.o
                0x08003424                TakeTimeouts(USART&, Delay&, unsigned char*)
 .text.main     0x080034c4      0x410 D:\Projects\stm32/main.o
                0x080034c4                main
 *(.init)
 *(.fini)
 *crtbegin.o(.ctors)
 *crtbegin?.o(.ctors)
 *(EXCLUDE_FILE(*crtend.o *crtend?.o) .ctors)
 *(SORT_BY_NAME(.ctors.*))
 *(.ctors)
 *crtbegin.o(.dtors)
 *crtbegin?.o(.dtors)
 *(EXCLUDE_FILE(*crtend.o *crtend?.o) .dtors)
 *(SORT_BY_NAME(.dtors.*))
 *(.dtors)
 *(.rodata*)
 .rodata        0x080038d4        0xc D:\Projects\stm32/rtc.o
 .rodata        0x080038e0        0x4 D:\Projects\stm32/adc.o
 .rodata        0x080038e4       0x15 D:\Projects\stm32/convertation.o
 *fill*         0x080038f9        0x3 
 .rodata        0x080038fc       0xe5 D:\Projects\stm32/main.o
 *(.eh_frame*)

.glue_7         0x080039e4        0x0
 .glue_7        0x080039e4        0x0 linker stubs

.glue_7t        0x080039e4        0x0
 .glue_7t       0x080039e4        0x0 linker stubs

.vfp11_veneer   0x080039e4        0x0
 .vfp11_veneer  0x080039e4        0x0 linker stubs

.v4_bx          0x080039e4        0x0
 .v4_bx         0x080039e4        0x0 linker stubs

.iplt           0x080039e4        0x0
 .iplt          0x080039e4        0x0 D:\Projects\stm32/misc.o

.rel.dyn        0x080039e4        0x0
 .rel.iplt      0x080039e4        0x0 D:\Projects\stm32/misc.o

.ARM.extab
 *(.ARM.extab* .gnu.linkonce.armextab.*)
                0x080039e4                __exidx_start = .

.ARM.exidx
 *(.ARM.exidx* .gnu.linkonce.armexidx.*)
                0x080039e4                __exidx_end = .
                0x080039e4                __etext = .

.data           0x20000000      0x12c load address 0x080039e1
                0x20000000                __data_start__ = .
 *(vtable)
 *(.data*)
 .data          0x20000000       0x14 D:\Projects\stm32/system_stm32f10x.o
                0x20000000                SystemCoreClock
                0x20000004                AHBPrescTable
 .data          0x20000014       0x14 D:\Projects\stm32/stm32f10x_rcc.o
 .data          0x20000028      0x100 D:\Projects\stm32/crc.o
                0x20000028                crc8tableDallas
                0x20000128                . = ALIGN (0x4)
                [!provide]                PROVIDE (__preinit_array_start, .)
 *(.preinit_array)
                [!provide]                PROVIDE (__preinit_array_end, .)
                0x20000128                . = ALIGN (0x4)
                [!provide]                PROVIDE (__init_array_start, .)
 *(SORT_BY_NAME(.init_array.*))
 *(.init_array)
 .init_array    0x20000128        0x4 D:\Projects\stm32/delay.o
                [!provide]                PROVIDE (__init_array_end, .)
                0x2000012c                . = ALIGN (0x4)
                [!provide]                PROVIDE (__fini_array_start, .)
 *(SORT_BY_NAME(.fini_array.*))
 *(.fini_array)
                [!provide]                PROVIDE (__fini_array_end, .)
                0x2000012c                . = ALIGN (0x4)
                0x2000012c                __data_end__ = .

.igot.plt       0x2000012c        0x0 load address 0x08003b10
 .igot.plt      0x2000012c        0x0 D:\Projects\stm32/misc.o

.bss            0x2000012c       0x23 load address 0x08003b10
                0x2000012c                __bss_start__ = .
 *(.bss*)
 .bss           0x2000012c        0x8 D:\Projects\stm32/delay.o
                0x2000012c                Delay::msCount
                0x20000130                Delay::sysTicksPerUs
 .bss           0x20000134       0x10 D:\Projects\stm32/usart.o
                0x20000134                uart1buf
                0x20000138                uart2buf
                0x2000013c                uart1bufCnt
                0x20000140                uart2bufCnt
 .bss           0x20000144        0xb D:\Projects\stm32/convertation.o
 *(COMMON)
                0x2000014f                __bss_end__ = .

.heap           0x20000150      0xc00
                0x20000150                __end__ = .
                0x20000150                end = __end__
 *(.heap*)
 .heap          0x20000150      0xc00 D:\Projects\stm32/startup_stm32f10x_md.o
                0x20000150                __HeapBase
                0x20000d50                __HeapLimit = .

.stack_dummy    0x20000150      0x400
 *(.stack)
 .stack         0x20000150      0x400 D:\Projects\stm32/startup_stm32f10x_md.o
                0x20005000                __StackTop = (ORIGIN (RAM) + LENGTH (RAM))
                0x20004c00                __StackLimit = (__StackTop - SIZEOF (.stack_dummy))
                [!provide]                PROVIDE (__stack, __StackTop)
                0x00000001                ASSERT ((__StackLimit >= __HeapLimit), region RAM overflowed with stack)
LOAD D:\Projects\stm32/misc.o
LOAD D:\Projects\stm32/startup_stm32f10x_md.o
LOAD D:\Projects\stm32/system_stm32f10x.o
LOAD D:\Projects\stm32/stm32f10x_rcc.o
LOAD D:\Projects\stm32/stm32f10x_gpio.o
LOAD D:\Projects\stm32/stm32f10x_usart.o
LOAD D:\Projects\stm32/stm32f10x_i2c.o
LOAD D:\Projects\stm32/stm32f10x_rtc.o
LOAD D:\Projects\stm32/stm32f10x_pwr.o
LOAD D:\Projects\stm32/stm32f10x_dma.o
LOAD D:\Projects\stm32/stm32f10x_adc.o
LOAD D:\Projects\stm32/delay.o
LOAD D:\Projects\stm32/SysClock.o
LOAD D:\Projects\stm32/gpio.o
LOAD D:\Projects\stm32/led.o
LOAD D:\Projects\stm32/usart.o
LOAD D:\Projects\stm32/oneWire.o
LOAD D:\Projects\stm32/oneWireSearch.o
LOAD D:\Projects\stm32/ds18b20.o
LOAD D:\Projects\stm32/i2c.o
LOAD D:\Projects\stm32/lcd.o
LOAD D:\Projects\stm32/rtc.o
LOAD D:\Projects\stm32/adc.o
LOAD D:\Projects\stm32/convertation.o
LOAD D:\Projects\stm32/crc.o
LOAD D:\Projects\stm32/main.o
LOAD c:/program files (x86)/gnu tools arm embedded/7 2017-q4-major/bin/../lib/gcc/arm-none-eabi/7.2.1/../../../../arm-none-eabi/lib/thumb/v7-m\libstdc++.a
LOAD c:/program files (x86)/gnu tools arm embedded/7 2017-q4-major/bin/../lib/gcc/arm-none-eabi/7.2.1/../../../../arm-none-eabi/lib/thumb/v7-m\libm.a
START GROUP
LOAD c:/program files (x86)/gnu tools arm embedded/7 2017-q4-major/bin/../lib/gcc/arm-none-eabi/7.2.1/thumb/v7-m\libgcc.a
LOAD c:/program files (x86)/gnu tools arm embedded/7 2017-q4-major/bin/../lib/gcc/arm-none-eabi/7.2.1/../../../../arm-none-eabi/lib/thumb/v7-m\libg.a
LOAD c:/program files (x86)/gnu tools arm embedded/7 2017-q4-major/bin/../lib/gcc/arm-none-eabi/7.2.1/../../../../arm-none-eabi/lib/thumb/v7-m\libc.a
END GROUP
OUTPUT(D:\Projects\stm32/out/app.elf elf32-littlearm)

.debug_info     0x00000000     0xb463
 .debug_info    0x00000000      0x55b D:\Projects\stm32/misc.o
 .debug_info    0x0000055b       0x26 D:\Projects\stm32/startup_stm32f10x_md.o
 .debug_info    0x00000581      0x504 D:\Projects\stm32/system_stm32f10x.o
 .debug_info    0x00000a85      0x8b3 D:\Projects\stm32/stm32f10x_rcc.o
 .debug_info    0x00001338      0x71a D:\Projects\stm32/stm32f10x_gpio.o
 .debug_info    0x00001a52      0xa13 D:\Projects\stm32/stm32f10x_usart.o
 .debug_info    0x00002465      0xb2b D:\Projects\stm32/stm32f10x_i2c.o
 .debug_info    0x00002f90      0x44e D:\Projects\stm32/stm32f10x_rtc.o
 .debug_info    0x000033de      0x475 D:\Projects\stm32/stm32f10x_pwr.o
 .debug_info    0x00003853      0x495 D:\Projects\stm32/stm32f10x_dma.o
 .debug_info    0x00003ce8      0xb92 D:\Projects\stm32/stm32f10x_adc.o
 .debug_info    0x0000487a      0xa35 D:\Projects\stm32/delay.o
 .debug_info    0x000052af      0x16f D:\Projects\stm32/SysClock.o
 .debug_info    0x0000541e      0x29b D:\Projects\stm32/gpio.o
 .debug_info    0x000056b9      0x32f D:\Projects\stm32/led.o
 .debug_info    0x000059e8      0xd9c D:\Projects\stm32/usart.o
 .debug_info    0x00006784      0x787 D:\Projects\stm32/oneWire.o
 .debug_info    0x00006f0b      0xa52 D:\Projects\stm32/oneWireSearch.o
 .debug_info    0x0000795d      0x5ae D:\Projects\stm32/i2c.o
 .debug_info    0x00007f0b      0xc71 D:\Projects\stm32/lcd.o
 .debug_info    0x00008b7c      0x638 D:\Projects\stm32/rtc.o
 .debug_info    0x000091b4      0x814 D:\Projects\stm32/adc.o
 .debug_info    0x000099c8      0x2cb D:\Projects\stm32/convertation.o
 .debug_info    0x00009c93       0xf3 D:\Projects\stm32/crc.o
 .debug_info    0x00009d86     0x16dd D:\Projects\stm32/main.o

.debug_abbrev   0x00000000     0x2f5b
 .debug_abbrev  0x00000000      0x178 D:\Projects\stm32/misc.o
 .debug_abbrev  0x00000178       0x14 D:\Projects\stm32/startup_stm32f10x_md.o
 .debug_abbrev  0x0000018c      0x16c D:\Projects\stm32/system_stm32f10x.o
 .debug_abbrev  0x000002f8      0x1c4 D:\Projects\stm32/stm32f10x_rcc.o
 .debug_abbrev  0x000004bc      0x1df D:\Projects\stm32/stm32f10x_gpio.o
 .debug_abbrev  0x0000069b      0x18f D:\Projects\stm32/stm32f10x_usart.o
 .debug_abbrev  0x0000082a      0x191 D:\Projects\stm32/stm32f10x_i2c.o
 .debug_abbrev  0x000009bb      0x19a D:\Projects\stm32/stm32f10x_rtc.o
 .debug_abbrev  0x00000b55      0x18a D:\Projects\stm32/stm32f10x_pwr.o
 .debug_abbrev  0x00000cdf      0x182 D:\Projects\stm32/stm32f10x_dma.o
 .debug_abbrev  0x00000e61      0x1a9 D:\Projects\stm32/stm32f10x_adc.o
 .debug_abbrev  0x0000100a      0x352 D:\Projects\stm32/delay.o
 .debug_abbrev  0x0000135c       0xb9 D:\Projects\stm32/SysClock.o
 .debug_abbrev  0x00001415      0x128 D:\Projects\stm32/gpio.o
 .debug_abbrev  0x0000153d      0x1e7 D:\Projects\stm32/led.o
 .debug_abbrev  0x00001724      0x34e D:\Projects\stm32/usart.o
 .debug_abbrev  0x00001a72      0x286 D:\Projects\stm32/oneWire.o
 .debug_abbrev  0x00001cf8      0x306 D:\Projects\stm32/oneWireSearch.o
 .debug_abbrev  0x00001ffe      0x24a D:\Projects\stm32/i2c.o
 .debug_abbrev  0x00002248      0x301 D:\Projects\stm32/lcd.o
 .debug_abbrev  0x00002549      0x286 D:\Projects\stm32/rtc.o
 .debug_abbrev  0x000027cf      0x2a7 D:\Projects\stm32/adc.o
 .debug_abbrev  0x00002a76       0xf0 D:\Projects\stm32/convertation.o
 .debug_abbrev  0x00002b66       0xbd D:\Projects\stm32/crc.o
 .debug_abbrev  0x00002c23      0x338 D:\Projects\stm32/main.o

.debug_aranges  0x00000000      0xb18
 .debug_aranges
                0x00000000       0x40 D:\Projects\stm32/misc.o
 .debug_aranges
                0x00000040       0x20 D:\Projects\stm32/startup_stm32f10x_md.o
 .debug_aranges
                0x00000060       0x38 D:\Projects\stm32/system_stm32f10x.o
 .debug_aranges
                0x00000098      0x118 D:\Projects\stm32/stm32f10x_rcc.o
 .debug_aranges
                0x000001b0       0xa8 D:\Projects\stm32/stm32f10x_gpio.o
 .debug_aranges
                0x00000258      0x100 D:\Projects\stm32/stm32f10x_usart.o
 .debug_aranges
                0x00000358      0x120 D:\Projects\stm32/stm32f10x_i2c.o
 .debug_aranges
                0x00000478       0x88 D:\Projects\stm32/stm32f10x_rtc.o
 .debug_aranges
                0x00000500       0x60 D:\Projects\stm32/stm32f10x_pwr.o
 .debug_aranges
                0x00000560       0x70 D:\Projects\stm32/stm32f10x_dma.o
 .debug_aranges
                0x000005d0      0x138 D:\Projects\stm32/stm32f10x_adc.o
 .debug_aranges
                0x00000708       0x60 D:\Projects\stm32/delay.o
 .debug_aranges
                0x00000768       0x20 D:\Projects\stm32/SysClock.o
 .debug_aranges
                0x00000788       0x20 D:\Projects\stm32/gpio.o
 .debug_aranges
                0x000007a8       0x38 D:\Projects\stm32/led.o
 .debug_aranges
                0x000007e0       0x90 D:\Projects\stm32/usart.o
 .debug_aranges
                0x00000870       0x60 D:\Projects\stm32/oneWire.o
 .debug_aranges
                0x000008d0       0x68 D:\Projects\stm32/oneWireSearch.o
 .debug_aranges
                0x00000938       0x40 D:\Projects\stm32/i2c.o
 .debug_aranges
                0x00000978       0xa0 D:\Projects\stm32/lcd.o
 .debug_aranges
                0x00000a18       0x48 D:\Projects\stm32/rtc.o
 .debug_aranges
                0x00000a60       0x30 D:\Projects\stm32/adc.o
 .debug_aranges
                0x00000a90       0x30 D:\Projects\stm32/convertation.o
 .debug_aranges
                0x00000ac0       0x28 D:\Projects\stm32/crc.o
 .debug_aranges
                0x00000ae8       0x30 D:\Projects\stm32/main.o

.debug_ranges   0x00000000      0x978
 .debug_ranges  0x00000000       0x30 D:\Projects\stm32/misc.o
 .debug_ranges  0x00000030       0x28 D:\Projects\stm32/system_stm32f10x.o
 .debug_ranges  0x00000058      0x108 D:\Projects\stm32/stm32f10x_rcc.o
 .debug_ranges  0x00000160       0x98 D:\Projects\stm32/stm32f10x_gpio.o
 .debug_ranges  0x000001f8       0xf0 D:\Projects\stm32/stm32f10x_usart.o
 .debug_ranges  0x000002e8      0x110 D:\Projects\stm32/stm32f10x_i2c.o
 .debug_ranges  0x000003f8       0x78 D:\Projects\stm32/stm32f10x_rtc.o
 .debug_ranges  0x00000470       0x50 D:\Projects\stm32/stm32f10x_pwr.o
 .debug_ranges  0x000004c0       0x60 D:\Projects\stm32/stm32f10x_dma.o
 .debug_ranges  0x00000520      0x128 D:\Projects\stm32/stm32f10x_adc.o
 .debug_ranges  0x00000648       0x50 D:\Projects\stm32/delay.o
 .debug_ranges  0x00000698       0x10 D:\Projects\stm32/SysClock.o
 .debug_ranges  0x000006a8       0x10 D:\Projects\stm32/gpio.o
 .debug_ranges  0x000006b8       0x28 D:\Projects\stm32/led.o
 .debug_ranges  0x000006e0       0x80 D:\Projects\stm32/usart.o
 .debug_ranges  0x00000760       0x50 D:\Projects\stm32/oneWire.o
 .debug_ranges  0x000007b0       0x58 D:\Projects\stm32/oneWireSearch.o
 .debug_ranges  0x00000808       0x30 D:\Projects\stm32/i2c.o
 .debug_ranges  0x00000838       0x90 D:\Projects\stm32/lcd.o
 .debug_ranges  0x000008c8       0x38 D:\Projects\stm32/rtc.o
 .debug_ranges  0x00000900       0x20 D:\Projects\stm32/adc.o
 .debug_ranges  0x00000920       0x20 D:\Projects\stm32/convertation.o
 .debug_ranges  0x00000940       0x18 D:\Projects\stm32/crc.o
 .debug_ranges  0x00000958       0x20 D:\Projects\stm32/main.o

.debug_line     0x00000000     0x4cbf
 .debug_line    0x00000000      0x281 D:\Projects\stm32/misc.o
 .debug_line    0x00000281       0xc2 D:\Projects\stm32/startup_stm32f10x_md.o
 .debug_line    0x00000343      0x248 D:\Projects\stm32/system_stm32f10x.o
 .debug_line    0x0000058b      0x50b D:\Projects\stm32/stm32f10x_rcc.o
 .debug_line    0x00000a96      0x40b D:\Projects\stm32/stm32f10x_gpio.o
 .debug_line    0x00000ea1      0x4f0 D:\Projects\stm32/stm32f10x_usart.o
 .debug_line    0x00001391      0x530 D:\Projects\stm32/stm32f10x_i2c.o
 .debug_line    0x000018c1      0x304 D:\Projects\stm32/stm32f10x_rtc.o
 .debug_line    0x00001bc5      0x28e D:\Projects\stm32/stm32f10x_pwr.o
 .debug_line    0x00001e53      0x374 D:\Projects\stm32/stm32f10x_dma.o
 .debug_line    0x000021c7      0x585 D:\Projects\stm32/stm32f10x_adc.o
 .debug_line    0x0000274c      0x2b1 D:\Projects\stm32/delay.o
 .debug_line    0x000029fd      0x1db D:\Projects\stm32/SysClock.o
 .debug_line    0x00002bd8      0x250 D:\Projects\stm32/gpio.o
 .debug_line    0x00002e28      0x235 D:\Projects\stm32/led.o
 .debug_line    0x0000305d      0x3de D:\Projects\stm32/usart.o
 .debug_line    0x0000343b      0x303 D:\Projects\stm32/oneWire.o
 .debug_line    0x0000373e      0x3b9 D:\Projects\stm32/oneWireSearch.o
 .debug_line    0x00003af7      0x29c D:\Projects\stm32/i2c.o
 .debug_line    0x00003d93      0x397 D:\Projects\stm32/lcd.o
 .debug_line    0x0000412a      0x28e D:\Projects\stm32/rtc.o
 .debug_line    0x000043b8      0x372 D:\Projects\stm32/adc.o
 .debug_line    0x0000472a      0x1d6 D:\Projects\stm32/convertation.o
 .debug_line    0x00004900       0x80 D:\Projects\stm32/crc.o
 .debug_line    0x00004980      0x33f D:\Projects\stm32/main.o

.debug_str      0x00000000     0x38b1
 .debug_str     0x00000000      0x3aa D:\Projects\stm32/misc.o
                                0x43f (size before relaxing)
 .debug_str     0x000003aa       0x44 D:\Projects\stm32/startup_stm32f10x_md.o
                                 0x56 (size before relaxing)
 .debug_str     0x000003ee      0x152 D:\Projects\stm32/system_stm32f10x.o
                                0x3b7 (size before relaxing)
 .debug_str     0x00000540      0x3e6 D:\Projects\stm32/stm32f10x_rcc.o
                                0x6a1 (size before relaxing)
 .debug_str     0x00000926      0x372 D:\Projects\stm32/stm32f10x_gpio.o
                                0x5c6 (size before relaxing)
 .debug_str     0x00000c98      0x44e D:\Projects\stm32/stm32f10x_usart.o
                                0x738 (size before relaxing)
 .debug_str     0x000010e6      0x3e4 D:\Projects\stm32/stm32f10x_i2c.o
                                0x6ff (size before relaxing)
 .debug_str     0x000014ca      0x1a9 D:\Projects\stm32/stm32f10x_rtc.o
                                0x407 (size before relaxing)
 .debug_str     0x00001673      0x11b D:\Projects\stm32/stm32f10x_pwr.o
                                0x385 (size before relaxing)
 .debug_str     0x0000178e      0x227 D:\Projects\stm32/stm32f10x_dma.o
                                0x444 (size before relaxing)
 .debug_str     0x000019b5      0x52e D:\Projects\stm32/stm32f10x_adc.o
                                0x772 (size before relaxing)
 .debug_str     0x00001ee3      0x59e D:\Projects\stm32/delay.o
                                0x8bd (size before relaxing)
 .debug_str     0x00002481       0x4f D:\Projects\stm32/SysClock.o
                                0x24f (size before relaxing)
 .debug_str     0x000024d0       0xb0 D:\Projects\stm32/gpio.o
                                0x3c7 (size before relaxing)
 .debug_str     0x00002580       0xb3 D:\Projects\stm32/led.o
                                0x268 (size before relaxing)
 .debug_str     0x00002633      0x2c1 D:\Projects\stm32/usart.o
                                0xa9c (size before relaxing)
 .debug_str     0x000028f4      0x204 D:\Projects\stm32/oneWire.o
                                0x512 (size before relaxing)
 .debug_str     0x00002af8      0x354 D:\Projects\stm32/oneWireSearch.o
                                0x7f1 (size before relaxing)
 .debug_str     0x00002e4c      0x122 D:\Projects\stm32/i2c.o
                                0x41b (size before relaxing)
 .debug_str     0x00002f6e      0x41b D:\Projects\stm32/lcd.o
                                0x835 (size before relaxing)
 .debug_str     0x00003389      0x1b9 D:\Projects\stm32/rtc.o
                                0x50f (size before relaxing)
 .debug_str     0x00003542      0x193 D:\Projects\stm32/adc.o
                                0x684 (size before relaxing)
 .debug_str     0x000036d5       0xa6 D:\Projects\stm32/convertation.o
                                0x26a (size before relaxing)
 .debug_str     0x0000377b       0x8b D:\Projects\stm32/crc.o
                                0x14b (size before relaxing)
 .debug_str     0x00003806       0xab D:\Projects\stm32/main.o
                               0x107a (size before relaxing)

.comment        0x00000000       0x7e
 .comment       0x00000000       0x7e D:\Projects\stm32/misc.o
                                 0x7f (size before relaxing)
 .comment       0x0000007e       0x7f D:\Projects\stm32/system_stm32f10x.o
 .comment       0x0000007e       0x7f D:\Projects\stm32/stm32f10x_rcc.o
 .comment       0x0000007e       0x7f D:\Projects\stm32/stm32f10x_gpio.o
 .comment       0x0000007e       0x7f D:\Projects\stm32/stm32f10x_usart.o
 .comment       0x0000007e       0x7f D:\Projects\stm32/stm32f10x_i2c.o
 .comment       0x0000007e       0x7f D:\Projects\stm32/stm32f10x_rtc.o
 .comment       0x0000007e       0x7f D:\Projects\stm32/stm32f10x_pwr.o
 .comment       0x0000007e       0x7f D:\Projects\stm32/stm32f10x_dma.o
 .comment       0x0000007e       0x7f D:\Projects\stm32/stm32f10x_adc.o
 .comment       0x0000007e       0x7f D:\Projects\stm32/delay.o
 .comment       0x0000007e       0x7f D:\Projects\stm32/SysClock.o
 .comment       0x0000007e       0x7f D:\Projects\stm32/gpio.o
 .comment       0x0000007e       0x7f D:\Projects\stm32/led.o
 .comment       0x0000007e       0x7f D:\Projects\stm32/usart.o
 .comment       0x0000007e       0x7f D:\Projects\stm32/oneWire.o
 .comment       0x0000007e       0x7f D:\Projects\stm32/oneWireSearch.o
 .comment       0x0000007e       0x7f D:\Projects\stm32/i2c.o
 .comment       0x0000007e       0x7f D:\Projects\stm32/lcd.o
 .comment       0x0000007e       0x7f D:\Projects\stm32/rtc.o
 .comment       0x0000007e       0x7f D:\Projects\stm32/adc.o
 .comment       0x0000007e       0x7f D:\Projects\stm32/convertation.o
 .comment       0x0000007e       0x7f D:\Projects\stm32/crc.o
 .comment       0x0000007e       0x7f D:\Projects\stm32/main.o

.ARM.attributes
                0x00000000       0x31
 .ARM.attributes
                0x00000000       0x33 D:\Projects\stm32/misc.o
 .ARM.attributes
                0x00000033       0x1b D:\Projects\stm32/startup_stm32f10x_md.o
 .ARM.attributes
                0x0000004e       0x33 D:\Projects\stm32/system_stm32f10x.o
 .ARM.attributes
                0x00000081       0x33 D:\Projects\stm32/stm32f10x_rcc.o
 .ARM.attributes
                0x000000b4       0x33 D:\Projects\stm32/stm32f10x_gpio.o
 .ARM.attributes
                0x000000e7       0x33 D:\Projects\stm32/stm32f10x_usart.o
 .ARM.attributes
                0x0000011a       0x33 D:\Projects\stm32/stm32f10x_i2c.o
 .ARM.attributes
                0x0000014d       0x33 D:\Projects\stm32/stm32f10x_rtc.o
 .ARM.attributes
                0x00000180       0x33 D:\Projects\stm32/stm32f10x_pwr.o
 .ARM.attributes
                0x000001b3       0x33 D:\Projects\stm32/stm32f10x_dma.o
 .ARM.attributes
                0x000001e6       0x33 D:\Projects\stm32/stm32f10x_adc.o
 .ARM.attributes
                0x00000219       0x33 D:\Projects\stm32/delay.o
 .ARM.attributes
                0x0000024c       0x33 D:\Projects\stm32/SysClock.o
 .ARM.attributes
                0x0000027f       0x33 D:\Projects\stm32/gpio.o
 .ARM.attributes
                0x000002b2       0x33 D:\Projects\stm32/led.o
 .ARM.attributes
                0x000002e5       0x33 D:\Projects\stm32/usart.o
 .ARM.attributes
                0x00000318       0x33 D:\Projects\stm32/oneWire.o
 .ARM.attributes
                0x0000034b       0x33 D:\Projects\stm32/oneWireSearch.o
 .ARM.attributes
                0x0000037e       0x33 D:\Projects\stm32/i2c.o
 .ARM.attributes
                0x000003b1       0x33 D:\Projects\stm32/lcd.o
 .ARM.attributes
                0x000003e4       0x33 D:\Projects\stm32/rtc.o
 .ARM.attributes
                0x00000417       0x33 D:\Projects\stm32/adc.o
 .ARM.attributes
                0x0000044a       0x33 D:\Projects\stm32/convertation.o
 .ARM.attributes
                0x0000047d       0x33 D:\Projects\stm32/crc.o
 .ARM.attributes
                0x000004b0       0x33 D:\Projects\stm32/main.o

.debug_frame    0x00000000     0x2b3c
 .debug_frame   0x00000000       0xd8 D:\Projects\stm32/misc.o
 .debug_frame   0x000000d8       0x98 D:\Projects\stm32/system_stm32f10x.o
 .debug_frame   0x00000170      0x4f4 D:\Projects\stm32/stm32f10x_rcc.o
 .debug_frame   0x00000664      0x2d0 D:\Projects\stm32/stm32f10x_gpio.o
 .debug_frame   0x00000934      0x490 D:\Projects\stm32/stm32f10x_usart.o
 .debug_frame   0x00000dc4      0x530 D:\Projects\stm32/stm32f10x_i2c.o
 .debug_frame   0x000012f4      0x214 D:\Projects\stm32/stm32f10x_rtc.o
 .debug_frame   0x00001508      0x164 D:\Projects\stm32/stm32f10x_pwr.o
 .debug_frame   0x0000166c      0x1c8 D:\Projects\stm32/stm32f10x_dma.o
 .debug_frame   0x00001834      0x5a4 D:\Projects\stm32/stm32f10x_adc.o
 .debug_frame   0x00001dd8      0x158 D:\Projects\stm32/delay.o
 .debug_frame   0x00001f30       0x34 D:\Projects\stm32/SysClock.o
 .debug_frame   0x00001f64       0x34 D:\Projects\stm32/gpio.o
 .debug_frame   0x00001f98       0xa0 D:\Projects\stm32/led.o
 .debug_frame   0x00002038      0x228 D:\Projects\stm32/usart.o
 .debug_frame   0x00002260      0x158 D:\Projects\stm32/oneWire.o
 .debug_frame   0x000023b8      0x184 D:\Projects\stm32/oneWireSearch.o
 .debug_frame   0x0000253c       0xc4 D:\Projects\stm32/i2c.o
 .debug_frame   0x00002600      0x274 D:\Projects\stm32/lcd.o
 .debug_frame   0x00002874       0xe8 D:\Projects\stm32/rtc.o
 .debug_frame   0x0000295c       0x80 D:\Projects\stm32/adc.o
 .debug_frame   0x000029dc       0x88 D:\Projects\stm32/convertation.o
 .debug_frame   0x00002a64       0x60 D:\Projects\stm32/crc.o
 .debug_frame   0x00002ac4       0x78 D:\Projects\stm32/main.o
