
Discarded input sections

 .text          0x00000000        0x0 D:\Projects\stm32/misc.o
 .data          0x00000000        0x0 D:\Projects\stm32/misc.o
 .bss           0x00000000        0x0 D:\Projects\stm32/misc.o
 .text.NVIC_PriorityGroupConfig
                0x00000000       0x24 D:\Projects\stm32/misc.o
 .text.NVIC_SetVectorTable
                0x00000000       0x2c D:\Projects\stm32/misc.o
 .text.NVIC_SystemLPConfig
                0x00000000       0x40 D:\Projects\stm32/misc.o
 .text.SysTick_CLKSourceConfig
                0x00000000       0x38 D:\Projects\stm32/misc.o
 .data          0x00000000        0x0 D:\Projects\stm32/startup_stm32f10x_md.o
 .bss           0x00000000        0x0 D:\Projects\stm32/startup_stm32f10x_md.o
 .text          0x00000000        0x0 D:\Projects\stm32/system_stm32f10x.o
 .bss           0x00000000        0x0 D:\Projects\stm32/system_stm32f10x.o
 .text          0x00000000        0x0 D:\Projects\stm32/stm32f10x_rcc.o
 .bss           0x00000000        0x0 D:\Projects\stm32/stm32f10x_rcc.o
 .text.RCC_AdjustHSICalibrationValue
                0x00000000       0x3c D:\Projects\stm32/stm32f10x_rcc.o
 .text.RCC_HSICmd
                0x00000000       0x20 D:\Projects\stm32/stm32f10x_rcc.o
 .text.RCC_ITConfig
                0x00000000       0x4c D:\Projects\stm32/stm32f10x_rcc.o
 .text.RCC_USBCLKConfig
                0x00000000       0x1c D:\Projects\stm32/stm32f10x_rcc.o
 .text.RCC_ADCCLKConfig
                0x00000000       0x38 D:\Projects\stm32/stm32f10x_rcc.o
 .text.RCC_LSEConfig
                0x00000000       0x40 D:\Projects\stm32/stm32f10x_rcc.o
 .text.RCC_LSICmd
                0x00000000       0x20 D:\Projects\stm32/stm32f10x_rcc.o
 .text.RCC_RTCCLKConfig
                0x00000000       0x24 D:\Projects\stm32/stm32f10x_rcc.o
 .text.RCC_RTCCLKCmd
                0x00000000       0x20 D:\Projects\stm32/stm32f10x_rcc.o
 .text.RCC_APB2PeriphResetCmd
                0x00000000       0x3c D:\Projects\stm32/stm32f10x_rcc.o
 .text.RCC_APB1PeriphResetCmd
                0x00000000       0x3c D:\Projects\stm32/stm32f10x_rcc.o
 .text.RCC_BackupResetCmd
                0x00000000       0x20 D:\Projects\stm32/stm32f10x_rcc.o
 .text.RCC_ClockSecuritySystemCmd
                0x00000000       0x20 D:\Projects\stm32/stm32f10x_rcc.o
 .text.RCC_MCOConfig
                0x00000000       0x20 D:\Projects\stm32/stm32f10x_rcc.o
 .text.RCC_ClearFlag
                0x00000000       0x1c D:\Projects\stm32/stm32f10x_rcc.o
 .text.RCC_GetITStatus
                0x00000000       0x40 D:\Projects\stm32/stm32f10x_rcc.o
 .text.RCC_ClearITPendingBit
                0x00000000       0x20 D:\Projects\stm32/stm32f10x_rcc.o
 .text          0x00000000        0x0 D:\Projects\stm32/stm32f10x_gpio.o
 .data          0x00000000        0x0 D:\Projects\stm32/stm32f10x_gpio.o
 .bss           0x00000000        0x0 D:\Projects\stm32/stm32f10x_gpio.o
 .text.GPIO_DeInit
                0x00000000       0xe4 D:\Projects\stm32/stm32f10x_gpio.o
 .text.GPIO_AFIODeInit
                0x00000000       0x18 D:\Projects\stm32/stm32f10x_gpio.o
 .text.GPIO_StructInit
                0x00000000       0x26 D:\Projects\stm32/stm32f10x_gpio.o
 .text.GPIO_ReadInputDataBit
                0x00000000       0x3c D:\Projects\stm32/stm32f10x_gpio.o
 .text.GPIO_ReadInputData
                0x00000000       0x18 D:\Projects\stm32/stm32f10x_gpio.o
 .text.GPIO_ReadOutputDataBit
                0x00000000       0x3c D:\Projects\stm32/stm32f10x_gpio.o
 .text.GPIO_ReadOutputData
                0x00000000       0x18 D:\Projects\stm32/stm32f10x_gpio.o
 .text.GPIO_WriteBit
                0x00000000       0x2e D:\Projects\stm32/stm32f10x_gpio.o
 .text.GPIO_Write
                0x00000000       0x1c D:\Projects\stm32/stm32f10x_gpio.o
 .text.GPIO_PinLockConfig
                0x00000000       0x42 D:\Projects\stm32/stm32f10x_gpio.o
 .text.GPIO_EventOutputConfig
                0x00000000       0x4c D:\Projects\stm32/stm32f10x_gpio.o
 .text.GPIO_EventOutputCmd
                0x00000000       0x20 D:\Projects\stm32/stm32f10x_gpio.o
 .text.GPIO_PinRemapConfig
                0x00000000       0xe0 D:\Projects\stm32/stm32f10x_gpio.o
 .text.GPIO_EXTILineConfig
                0x00000000       0x78 D:\Projects\stm32/stm32f10x_gpio.o
 .text.GPIO_ETH_MediaInterfaceConfig
                0x00000000       0x1c D:\Projects\stm32/stm32f10x_gpio.o
 .text          0x00000000        0x0 D:\Projects\stm32/stm32f10x_usart.o
 .data          0x00000000        0x0 D:\Projects\stm32/stm32f10x_usart.o
 .bss           0x00000000        0x0 D:\Projects\stm32/stm32f10x_usart.o
 .text.USART_DeInit
                0x00000000       0xb8 D:\Projects\stm32/stm32f10x_usart.o
 .text.USART_StructInit
                0x00000000       0x38 D:\Projects\stm32/stm32f10x_usart.o
 .text.USART_ClockInit
                0x00000000       0x56 D:\Projects\stm32/stm32f10x_usart.o
 .text.USART_ClockStructInit
                0x00000000       0x2a D:\Projects\stm32/stm32f10x_usart.o
 .text.USART_SetAddress
                0x00000000       0x38 D:\Projects\stm32/stm32f10x_usart.o
 .text.USART_WakeUpConfig
                0x00000000       0x36 D:\Projects\stm32/stm32f10x_usart.o
 .text.USART_ReceiverWakeUpCmd
                0x00000000       0x3e D:\Projects\stm32/stm32f10x_usart.o
 .text.USART_LINBreakDetectLengthConfig
                0x00000000       0x36 D:\Projects\stm32/stm32f10x_usart.o
 .text.USART_LINCmd
                0x00000000       0x3e D:\Projects\stm32/stm32f10x_usart.o
 .text.USART_SendBreak
                0x00000000       0x22 D:\Projects\stm32/stm32f10x_usart.o
 .text.USART_SetGuardTime
                0x00000000       0x3a D:\Projects\stm32/stm32f10x_usart.o
 .text.USART_SetPrescaler
                0x00000000       0x38 D:\Projects\stm32/stm32f10x_usart.o
 .text.USART_SmartCardCmd
                0x00000000       0x3e D:\Projects\stm32/stm32f10x_usart.o
 .text.USART_SmartCardNACKCmd
                0x00000000       0x3e D:\Projects\stm32/stm32f10x_usart.o
 .text.USART_HalfDuplexCmd
                0x00000000       0x3e D:\Projects\stm32/stm32f10x_usart.o
 .text.USART_OverSampling8Cmd
                0x00000000       0x42 D:\Projects\stm32/stm32f10x_usart.o
 .text.USART_OneBitMethodCmd
                0x00000000       0x3e D:\Projects\stm32/stm32f10x_usart.o
 .text.USART_IrDAConfig
                0x00000000       0x36 D:\Projects\stm32/stm32f10x_usart.o
 .text.USART_IrDACmd
                0x00000000       0x3e D:\Projects\stm32/stm32f10x_usart.o
 .text.USART_ClearFlag
                0x00000000       0x20 D:\Projects\stm32/stm32f10x_usart.o
 .text.USART_GetITStatus
                0x00000000       0xb0 D:\Projects\stm32/stm32f10x_usart.o
 .text.USART_ClearITPendingBit
                0x00000000       0x38 D:\Projects\stm32/stm32f10x_usart.o
 .text          0x00000000        0x0 D:\Projects\stm32/stm32f10x_i2c.o
 .data          0x00000000        0x0 D:\Projects\stm32/stm32f10x_i2c.o
 .bss           0x00000000        0x0 D:\Projects\stm32/stm32f10x_i2c.o
 .text.I2C_DeInit
                0x00000000       0x48 D:\Projects\stm32/stm32f10x_i2c.o
 .text.I2C_StructInit
                0x00000000       0x3c D:\Projects\stm32/stm32f10x_i2c.o
 .text.I2C_DMACmd
                0x00000000       0x3e D:\Projects\stm32/stm32f10x_i2c.o
 .text.I2C_DMALastTransferCmd
                0x00000000       0x3e D:\Projects\stm32/stm32f10x_i2c.o
 .text.I2C_AcknowledgeConfig
                0x00000000       0x3e D:\Projects\stm32/stm32f10x_i2c.o
 .text.I2C_OwnAddress2Config
                0x00000000       0x3e D:\Projects\stm32/stm32f10x_i2c.o
 .text.I2C_DualAddressCmd
                0x00000000       0x3e D:\Projects\stm32/stm32f10x_i2c.o
 .text.I2C_GeneralCallCmd
                0x00000000       0x3e D:\Projects\stm32/stm32f10x_i2c.o
 .text.I2C_ITConfig
                0x00000000       0x46 D:\Projects\stm32/stm32f10x_i2c.o
 .text.I2C_ReceiveData
                0x00000000       0x1a D:\Projects\stm32/stm32f10x_i2c.o
 .text.I2C_ReadRegister
                0x00000000       0x2c D:\Projects\stm32/stm32f10x_i2c.o
 .text.I2C_SoftwareResetCmd
                0x00000000       0x42 D:\Projects\stm32/stm32f10x_i2c.o
 .text.I2C_NACKPositionConfig
                0x00000000       0x40 D:\Projects\stm32/stm32f10x_i2c.o
 .text.I2C_SMBusAlertConfig
                0x00000000       0x40 D:\Projects\stm32/stm32f10x_i2c.o
 .text.I2C_TransmitPEC
                0x00000000       0x3e D:\Projects\stm32/stm32f10x_i2c.o
 .text.I2C_PECPositionConfig
                0x00000000       0x40 D:\Projects\stm32/stm32f10x_i2c.o
 .text.I2C_CalculatePEC
                0x00000000       0x3e D:\Projects\stm32/stm32f10x_i2c.o
 .text.I2C_GetPEC
                0x00000000       0x1c D:\Projects\stm32/stm32f10x_i2c.o
 .text.I2C_ARPCmd
                0x00000000       0x3e D:\Projects\stm32/stm32f10x_i2c.o
 .text.I2C_StretchClockCmd
                0x00000000       0x3e D:\Projects\stm32/stm32f10x_i2c.o
 .text.I2C_FastModeDutyCycleConfig
                0x00000000       0x40 D:\Projects\stm32/stm32f10x_i2c.o
 .text.I2C_GetLastEvent
                0x00000000       0x42 D:\Projects\stm32/stm32f10x_i2c.o
 .text.I2C_ClearFlag
                0x00000000       0x2c D:\Projects\stm32/stm32f10x_i2c.o
 .text.I2C_GetITStatus
                0x00000000       0x62 D:\Projects\stm32/stm32f10x_i2c.o
 .text.I2C_ClearITPendingBit
                0x00000000       0x2c D:\Projects\stm32/stm32f10x_i2c.o
 .text          0x00000000        0x0 D:\Projects\stm32/stm32f10x_rtc.o
 .data          0x00000000        0x0 D:\Projects\stm32/stm32f10x_rtc.o
 .bss           0x00000000        0x0 D:\Projects\stm32/stm32f10x_rtc.o
 .text.RTC_ITConfig
                0x00000000       0x4c D:\Projects\stm32/stm32f10x_rtc.o
 .text.RTC_EnterConfigMode
                0x00000000       0x20 D:\Projects\stm32/stm32f10x_rtc.o
 .text.RTC_ExitConfigMode
                0x00000000       0x20 D:\Projects\stm32/stm32f10x_rtc.o
 .text.RTC_GetCounter
                0x00000000       0x2c D:\Projects\stm32/stm32f10x_rtc.o
 .text.RTC_SetCounter
                0x00000000       0x30 D:\Projects\stm32/stm32f10x_rtc.o
 .text.RTC_SetPrescaler
                0x00000000       0x34 D:\Projects\stm32/stm32f10x_rtc.o
 .text.RTC_SetAlarm
                0x00000000       0x30 D:\Projects\stm32/stm32f10x_rtc.o
 .text.RTC_GetDivider
                0x00000000       0x38 D:\Projects\stm32/stm32f10x_rtc.o
 .text.RTC_WaitForLastTask
                0x00000000       0x2c D:\Projects\stm32/stm32f10x_rtc.o
 .text.RTC_WaitForSynchro
                0x00000000       0x3c D:\Projects\stm32/stm32f10x_rtc.o
 .text.RTC_GetFlagStatus
                0x00000000       0x44 D:\Projects\stm32/stm32f10x_rtc.o
 .text.RTC_ClearFlag
                0x00000000       0x2c D:\Projects\stm32/stm32f10x_rtc.o
 .text.RTC_GetITStatus
                0x00000000       0x58 D:\Projects\stm32/stm32f10x_rtc.o
 .text.RTC_ClearITPendingBit
                0x00000000       0x2c D:\Projects\stm32/stm32f10x_rtc.o
 .debug_info    0x00000000      0x44e D:\Projects\stm32/stm32f10x_rtc.o
 .debug_abbrev  0x00000000      0x19a D:\Projects\stm32/stm32f10x_rtc.o
 .debug_aranges
                0x00000000       0x88 D:\Projects\stm32/stm32f10x_rtc.o
 .debug_ranges  0x00000000       0x78 D:\Projects\stm32/stm32f10x_rtc.o
 .debug_line    0x00000000      0x304 D:\Projects\stm32/stm32f10x_rtc.o
 .debug_str     0x00000000      0x407 D:\Projects\stm32/stm32f10x_rtc.o
 .comment       0x00000000       0x7f D:\Projects\stm32/stm32f10x_rtc.o
 .debug_frame   0x00000000      0x214 D:\Projects\stm32/stm32f10x_rtc.o
 .ARM.attributes
                0x00000000       0x33 D:\Projects\stm32/stm32f10x_rtc.o
 .text          0x00000000        0x0 D:\Projects\stm32/stm32f10x_pwr.o
 .data          0x00000000        0x0 D:\Projects\stm32/stm32f10x_pwr.o
 .bss           0x00000000        0x0 D:\Projects\stm32/stm32f10x_pwr.o
 .text.PWR_DeInit
                0x00000000       0x1c D:\Projects\stm32/stm32f10x_pwr.o
 .text.PWR_BackupAccessCmd
                0x00000000       0x20 D:\Projects\stm32/stm32f10x_pwr.o
 .text.PWR_PVDCmd
                0x00000000       0x20 D:\Projects\stm32/stm32f10x_pwr.o
 .text.PWR_PVDLevelConfig
                0x00000000       0x38 D:\Projects\stm32/stm32f10x_pwr.o
 .text.PWR_WakeUpPinCmd
                0x00000000       0x20 D:\Projects\stm32/stm32f10x_pwr.o
 .text.PWR_EnterSTOPMode
                0x00000000       0x64 D:\Projects\stm32/stm32f10x_pwr.o
 .text.PWR_EnterSTANDBYMode
                0x00000000       0x3c D:\Projects\stm32/stm32f10x_pwr.o
 .text.PWR_GetFlagStatus
                0x00000000       0x3c D:\Projects\stm32/stm32f10x_pwr.o
 .text.PWR_ClearFlag
                0x00000000       0x24 D:\Projects\stm32/stm32f10x_pwr.o
 .debug_info    0x00000000      0x475 D:\Projects\stm32/stm32f10x_pwr.o
 .debug_abbrev  0x00000000      0x18a D:\Projects\stm32/stm32f10x_pwr.o
 .debug_aranges
                0x00000000       0x60 D:\Projects\stm32/stm32f10x_pwr.o
 .debug_ranges  0x00000000       0x50 D:\Projects\stm32/stm32f10x_pwr.o
 .debug_line    0x00000000      0x28e D:\Projects\stm32/stm32f10x_pwr.o
 .debug_str     0x00000000      0x385 D:\Projects\stm32/stm32f10x_pwr.o
 .comment       0x00000000       0x7f D:\Projects\stm32/stm32f10x_pwr.o
 .debug_frame   0x00000000      0x164 D:\Projects\stm32/stm32f10x_pwr.o
 .ARM.attributes
                0x00000000       0x33 D:\Projects\stm32/stm32f10x_pwr.o
 .text          0x00000000        0x0 D:\Projects\stm32/stm32f10x_dma.o
 .data          0x00000000        0x0 D:\Projects\stm32/stm32f10x_dma.o
 .bss           0x00000000        0x0 D:\Projects\stm32/stm32f10x_dma.o
 .text.DMA_DeInit
                0x00000000      0x178 D:\Projects\stm32/stm32f10x_dma.o
 .text.DMA_StructInit
                0x00000000       0x54 D:\Projects\stm32/stm32f10x_dma.o
 .text.DMA_SetCurrDataCounter
                0x00000000       0x1c D:\Projects\stm32/stm32f10x_dma.o
 .text.DMA_GetCurrDataCounter
                0x00000000       0x18 D:\Projects\stm32/stm32f10x_dma.o
 .text.DMA_GetFlagStatus
                0x00000000       0x50 D:\Projects\stm32/stm32f10x_dma.o
 .text.DMA_ClearFlag
                0x00000000       0x34 D:\Projects\stm32/stm32f10x_dma.o
 .text.DMA_GetITStatus
                0x00000000       0x50 D:\Projects\stm32/stm32f10x_dma.o
 .text          0x00000000        0x0 D:\Projects\stm32/stm32f10x_adc.o
 .data          0x00000000        0x0 D:\Projects\stm32/stm32f10x_adc.o
 .bss           0x00000000        0x0 D:\Projects\stm32/stm32f10x_adc.o
 .text.ADC_DeInit
                0x00000000       0x74 D:\Projects\stm32/stm32f10x_adc.o
 .text.ADC_Init
                0x00000000       0xa4 D:\Projects\stm32/stm32f10x_adc.o
 .text.ADC_StructInit
                0x00000000       0x36 D:\Projects\stm32/stm32f10x_adc.o
 .text.ADC_Cmd  0x00000000       0x36 D:\Projects\stm32/stm32f10x_adc.o
 .text.ADC_DMACmd
                0x00000000       0x36 D:\Projects\stm32/stm32f10x_adc.o
 .text.ADC_ITConfig
                0x00000000       0x44 D:\Projects\stm32/stm32f10x_adc.o
 .text.ADC_ResetCalibration
                0x00000000       0x1e D:\Projects\stm32/stm32f10x_adc.o
 .text.ADC_GetResetCalibrationStatus
                0x00000000       0x38 D:\Projects\stm32/stm32f10x_adc.o
 .text.ADC_StartCalibration
                0x00000000       0x1e D:\Projects\stm32/stm32f10x_adc.o
 .text.ADC_GetCalibrationStatus
                0x00000000       0x38 D:\Projects\stm32/stm32f10x_adc.o
 .text.ADC_SoftwareStartConvCmd
                0x00000000       0x36 D:\Projects\stm32/stm32f10x_adc.o
 .text.ADC_GetSoftwareStartConvStatus
                0x00000000       0x38 D:\Projects\stm32/stm32f10x_adc.o
 .text.ADC_DiscModeChannelCountConfig
                0x00000000       0x42 D:\Projects\stm32/stm32f10x_adc.o
 .text.ADC_DiscModeCmd
                0x00000000       0x36 D:\Projects\stm32/stm32f10x_adc.o
 .text.ADC_RegularChannelConfig
                0x00000000      0x192 D:\Projects\stm32/stm32f10x_adc.o
 .text.ADC_ExternalTrigConvCmd
                0x00000000       0x36 D:\Projects\stm32/stm32f10x_adc.o
 .text.ADC_GetConversionValue
                0x00000000       0x18 D:\Projects\stm32/stm32f10x_adc.o
 .text.ADC_GetDualModeConversionValue
                0x00000000       0x14 D:\Projects\stm32/stm32f10x_adc.o
 .text.ADC_AutoInjectedConvCmd
                0x00000000       0x36 D:\Projects\stm32/stm32f10x_adc.o
 .text.ADC_InjectedDiscModeCmd
                0x00000000       0x36 D:\Projects\stm32/stm32f10x_adc.o
 .text.ADC_ExternalTrigInjectedConvConfig
                0x00000000       0x34 D:\Projects\stm32/stm32f10x_adc.o
 .text.ADC_ExternalTrigInjectedConvCmd
                0x00000000       0x36 D:\Projects\stm32/stm32f10x_adc.o
 .text.ADC_SoftwareStartInjectedConvCmd
                0x00000000       0x36 D:\Projects\stm32/stm32f10x_adc.o
 .text.ADC_GetSoftwareStartInjectedConvCmdStatus
                0x00000000       0x38 D:\Projects\stm32/stm32f10x_adc.o
 .text.ADC_InjectedChannelConfig
                0x00000000      0x120 D:\Projects\stm32/stm32f10x_adc.o
 .text.ADC_InjectedSequencerLengthConfig
                0x00000000       0x42 D:\Projects\stm32/stm32f10x_adc.o
 .text.ADC_SetInjectedOffset
                0x00000000       0x32 D:\Projects\stm32/stm32f10x_adc.o
 .text.ADC_GetInjectedConversionValue
                0x00000000       0x2e D:\Projects\stm32/stm32f10x_adc.o
 .text.ADC_AnalogWatchdogCmd
                0x00000000       0x38 D:\Projects\stm32/stm32f10x_adc.o
 .text.ADC_AnalogWatchdogThresholdsConfig
                0x00000000       0x26 D:\Projects\stm32/stm32f10x_adc.o
 .text.ADC_AnalogWatchdogSingleChannelConfig
                0x00000000       0x36 D:\Projects\stm32/stm32f10x_adc.o
 .text.ADC_TempSensorVrefintCmd
                0x00000000       0x38 D:\Projects\stm32/stm32f10x_adc.o
 .text.ADC_GetFlagStatus
                0x00000000       0x3c D:\Projects\stm32/stm32f10x_adc.o
 .text.ADC_ClearFlag
                0x00000000       0x1e D:\Projects\stm32/stm32f10x_adc.o
 .text.ADC_GetITStatus
                0x00000000       0x5c D:\Projects\stm32/stm32f10x_adc.o
 .text.ADC_ClearITPendingBit
                0x00000000       0x28 D:\Projects\stm32/stm32f10x_adc.o
 .debug_info    0x00000000      0xb92 D:\Projects\stm32/stm32f10x_adc.o
 .debug_abbrev  0x00000000      0x1a9 D:\Projects\stm32/stm32f10x_adc.o
 .debug_aranges
                0x00000000      0x138 D:\Projects\stm32/stm32f10x_adc.o
 .debug_ranges  0x00000000      0x128 D:\Projects\stm32/stm32f10x_adc.o
 .debug_line    0x00000000      0x585 D:\Projects\stm32/stm32f10x_adc.o
 .debug_str     0x00000000      0x772 D:\Projects\stm32/stm32f10x_adc.o
 .comment       0x00000000       0x7f D:\Projects\stm32/stm32f10x_adc.o
 .debug_frame   0x00000000      0x5a4 D:\Projects\stm32/stm32f10x_adc.o
 .ARM.attributes
                0x00000000       0x33 D:\Projects\stm32/stm32f10x_adc.o
 .text          0x00000000        0x0 D:\Projects\stm32/stm32f10x_tim.o
 .data          0x00000000        0x0 D:\Projects\stm32/stm32f10x_tim.o
 .bss           0x00000000        0x0 D:\Projects\stm32/stm32f10x_tim.o
 .text.TIM_DeInit
                0x00000000      0x22c D:\Projects\stm32/stm32f10x_tim.o
 .text.TIM_TimeBaseInit
                0x00000000       0xf8 D:\Projects\stm32/stm32f10x_tim.o
 .text.TIM_OC1Init
                0x00000000      0x118 D:\Projects\stm32/stm32f10x_tim.o
 .text.TIM_OC2Init
                0x00000000      0x110 D:\Projects\stm32/stm32f10x_tim.o
 .text.TIM_OC3Init
                0x00000000      0x10c D:\Projects\stm32/stm32f10x_tim.o
 .text.TIM_OC4Init
                0x00000000       0xd0 D:\Projects\stm32/stm32f10x_tim.o
 .text.TIM_ICInit
                0x00000000       0xa8 D:\Projects\stm32/stm32f10x_tim.o
 .text.TIM_PWMIConfig
                0x00000000       0xb8 D:\Projects\stm32/stm32f10x_tim.o
 .text.TIM_BDTRConfig
                0x00000000       0x4e D:\Projects\stm32/stm32f10x_tim.o
 .text.TIM_TimeBaseStructInit
                0x00000000       0x32 D:\Projects\stm32/stm32f10x_tim.o
 .text.TIM_OCStructInit
                0x00000000       0x42 D:\Projects\stm32/stm32f10x_tim.o
 .text.TIM_ICStructInit
                0x00000000       0x30 D:\Projects\stm32/stm32f10x_tim.o
 .text.TIM_BDTRStructInit
                0x00000000       0x3c D:\Projects\stm32/stm32f10x_tim.o
 .text.TIM_Cmd  0x00000000       0x3e D:\Projects\stm32/stm32f10x_tim.o
 .text.TIM_CtrlPWMOutputs
                0x00000000       0x4a D:\Projects\stm32/stm32f10x_tim.o
 .text.TIM_ITConfig
                0x00000000       0x46 D:\Projects\stm32/stm32f10x_tim.o
 .text.TIM_GenerateEvent
                0x00000000       0x1c D:\Projects\stm32/stm32f10x_tim.o
 .text.TIM_DMAConfig
                0x00000000       0x28 D:\Projects\stm32/stm32f10x_tim.o
 .text.TIM_DMACmd
                0x00000000       0x46 D:\Projects\stm32/stm32f10x_tim.o
 .text.TIM_InternalClockConfig
                0x00000000       0x22 D:\Projects\stm32/stm32f10x_tim.o
 .text.TIM_ITRxExternalClockConfig
                0x00000000       0x2e D:\Projects\stm32/stm32f10x_tim.o
 .text.TIM_TIxExternalClockConfig
                0x00000000       0x5c D:\Projects\stm32/stm32f10x_tim.o
 .text.TIM_ETRClockMode1Config
                0x00000000       0x5e D:\Projects\stm32/stm32f10x_tim.o
 .text.TIM_ETRClockMode2Config
                0x00000000       0x3e D:\Projects\stm32/stm32f10x_tim.o
 .text.TIM_ETRConfig
                0x00000000       0x52 D:\Projects\stm32/stm32f10x_tim.o
 .text.TIM_PrescalerConfig
                0x00000000       0x26 D:\Projects\stm32/stm32f10x_tim.o
 .text.TIM_CounterModeConfig
                0x00000000       0x36 D:\Projects\stm32/stm32f10x_tim.o
 .text.TIM_SelectInputTrigger
                0x00000000       0x36 D:\Projects\stm32/stm32f10x_tim.o
 .text.TIM_EncoderInterfaceConfig
                0x00000000       0x96 D:\Projects\stm32/stm32f10x_tim.o
 .text.TIM_ForcedOC1Config
                0x00000000       0x36 D:\Projects\stm32/stm32f10x_tim.o
 .text.TIM_ForcedOC2Config
                0x00000000       0x3a D:\Projects\stm32/stm32f10x_tim.o
 .text.TIM_ForcedOC3Config
                0x00000000       0x36 D:\Projects\stm32/stm32f10x_tim.o
 .text.TIM_ForcedOC4Config
                0x00000000       0x3a D:\Projects\stm32/stm32f10x_tim.o
 .text.TIM_ARRPreloadConfig
                0x00000000       0x3e D:\Projects\stm32/stm32f10x_tim.o
 .text.TIM_SelectCOM
                0x00000000       0x3e D:\Projects\stm32/stm32f10x_tim.o
 .text.TIM_SelectCCDMA
                0x00000000       0x3e D:\Projects\stm32/stm32f10x_tim.o
 .text.TIM_CCPreloadControl
                0x00000000       0x3e D:\Projects\stm32/stm32f10x_tim.o
 .text.TIM_OC1PreloadConfig
                0x00000000       0x36 D:\Projects\stm32/stm32f10x_tim.o
 .text.TIM_OC2PreloadConfig
                0x00000000       0x3a D:\Projects\stm32/stm32f10x_tim.o
 .text.TIM_OC3PreloadConfig
                0x00000000       0x36 D:\Projects\stm32/stm32f10x_tim.o
 .text.TIM_OC4PreloadConfig
                0x00000000       0x3a D:\Projects\stm32/stm32f10x_tim.o
 .text.TIM_OC1FastConfig
                0x00000000       0x36 D:\Projects\stm32/stm32f10x_tim.o
 .text.TIM_OC2FastConfig
                0x00000000       0x3a D:\Projects\stm32/stm32f10x_tim.o
 .text.TIM_OC3FastConfig
                0x00000000       0x36 D:\Projects\stm32/stm32f10x_tim.o
 .text.TIM_OC4FastConfig
                0x00000000       0x3a D:\Projects\stm32/stm32f10x_tim.o
 .text.TIM_ClearOC1Ref
                0x00000000       0x36 D:\Projects\stm32/stm32f10x_tim.o
 .text.TIM_ClearOC2Ref
                0x00000000       0x3a D:\Projects\stm32/stm32f10x_tim.o
 .text.TIM_ClearOC3Ref
                0x00000000       0x36 D:\Projects\stm32/stm32f10x_tim.o
 .text.TIM_ClearOC4Ref
                0x00000000       0x3a D:\Projects\stm32/stm32f10x_tim.o
 .text.TIM_OC1PolarityConfig
                0x00000000       0x36 D:\Projects\stm32/stm32f10x_tim.o
 .text.TIM_OC1NPolarityConfig
                0x00000000       0x36 D:\Projects\stm32/stm32f10x_tim.o
 .text.TIM_OC2PolarityConfig
                0x00000000       0x3a D:\Projects\stm32/stm32f10x_tim.o
 .text.TIM_OC2NPolarityConfig
                0x00000000       0x3a D:\Projects\stm32/stm32f10x_tim.o
 .text.TIM_OC3PolarityConfig
                0x00000000       0x3a D:\Projects\stm32/stm32f10x_tim.o
 .text.TIM_OC3NPolarityConfig
                0x00000000       0x3a D:\Projects\stm32/stm32f10x_tim.o
 .text.TIM_OC4PolarityConfig
                0x00000000       0x3a D:\Projects\stm32/stm32f10x_tim.o
 .text.TIM_CCxCmd
                0x00000000       0x54 D:\Projects\stm32/stm32f10x_tim.o
 .text.TIM_CCxNCmd
                0x00000000       0x54 D:\Projects\stm32/stm32f10x_tim.o
 .text.TIM_SelectOCxM
                0x00000000       0xaa D:\Projects\stm32/stm32f10x_tim.o
 .text.TIM_UpdateDisableConfig
                0x00000000       0x3e D:\Projects\stm32/stm32f10x_tim.o
 .text.TIM_UpdateRequestConfig
                0x00000000       0x3e D:\Projects\stm32/stm32f10x_tim.o
 .text.TIM_SelectHallSensor
                0x00000000       0x3e D:\Projects\stm32/stm32f10x_tim.o
 .text.TIM_SelectOnePulseMode
                0x00000000       0x36 D:\Projects\stm32/stm32f10x_tim.o
 .text.TIM_SelectOutputTrigger
                0x00000000       0x36 D:\Projects\stm32/stm32f10x_tim.o
 .text.TIM_SelectSlaveMode
                0x00000000       0x36 D:\Projects\stm32/stm32f10x_tim.o
 .text.TIM_SelectMasterSlaveMode
                0x00000000       0x36 D:\Projects\stm32/stm32f10x_tim.o
 .text.TIM_SetCounter
                0x00000000       0x1c D:\Projects\stm32/stm32f10x_tim.o
 .text.TIM_SetAutoreload
                0x00000000       0x1c D:\Projects\stm32/stm32f10x_tim.o
 .text.TIM_SetCompare1
                0x00000000       0x1c D:\Projects\stm32/stm32f10x_tim.o
 .text.TIM_SetCompare2
                0x00000000       0x1c D:\Projects\stm32/stm32f10x_tim.o
 .text.TIM_SetCompare3
                0x00000000       0x1c D:\Projects\stm32/stm32f10x_tim.o
 .text.TIM_SetCompare4
                0x00000000       0x1e D:\Projects\stm32/stm32f10x_tim.o
 .text.TIM_SetIC1Prescaler
                0x00000000       0x36 D:\Projects\stm32/stm32f10x_tim.o
 .text.TIM_SetIC2Prescaler
                0x00000000       0x3a D:\Projects\stm32/stm32f10x_tim.o
 .text.TIM_SetIC3Prescaler
                0x00000000       0x36 D:\Projects\stm32/stm32f10x_tim.o
 .text.TIM_SetIC4Prescaler
                0x00000000       0x3a D:\Projects\stm32/stm32f10x_tim.o
 .text.TIM_SetClockDivision
                0x00000000       0x36 D:\Projects\stm32/stm32f10x_tim.o
 .text.TIM_GetCapture1
                0x00000000       0x18 D:\Projects\stm32/stm32f10x_tim.o
 .text.TIM_GetCapture3
                0x00000000       0x18 D:\Projects\stm32/stm32f10x_tim.o
 .text.TIM_GetCapture4
                0x00000000       0x1a D:\Projects\stm32/stm32f10x_tim.o
 .text.TIM_GetCounter
                0x00000000       0x18 D:\Projects\stm32/stm32f10x_tim.o
 .text.TIM_GetPrescaler
                0x00000000       0x18 D:\Projects\stm32/stm32f10x_tim.o
 .text._ZL10TI1_ConfigP11TIM_TypeDefttt
                0x00000000       0xe0 D:\Projects\stm32/stm32f10x_tim.o
 .text._ZL10TI2_ConfigP11TIM_TypeDefttt
                0x00000000       0xf4 D:\Projects\stm32/stm32f10x_tim.o
 .text._ZL10TI3_ConfigP11TIM_TypeDefttt
                0x00000000       0xec D:\Projects\stm32/stm32f10x_tim.o
 .text._ZL10TI4_ConfigP11TIM_TypeDefttt
                0x00000000       0xf8 D:\Projects\stm32/stm32f10x_tim.o
 .text          0x00000000        0x0 D:\Projects\stm32/stm32f10x_flash.o
 .data          0x00000000        0x0 D:\Projects\stm32/stm32f10x_flash.o
 .bss           0x00000000        0x0 D:\Projects\stm32/stm32f10x_flash.o
 .text.FLASH_HalfCycleAccessCmd
                0x00000000       0x30 D:\Projects\stm32/stm32f10x_flash.o
 .text.FLASH_Unlock
                0x00000000       0x24 D:\Projects\stm32/stm32f10x_flash.o
 .text.FLASH_UnlockBank1
                0x00000000       0x24 D:\Projects\stm32/stm32f10x_flash.o
 .text.FLASH_Lock
                0x00000000       0x1c D:\Projects\stm32/stm32f10x_flash.o
 .text.FLASH_LockBank1
                0x00000000       0x1c D:\Projects\stm32/stm32f10x_flash.o
 .text.FLASH_ErasePage
                0x00000000       0x64 D:\Projects\stm32/stm32f10x_flash.o
 .text.FLASH_EraseAllPages
                0x00000000       0x5c D:\Projects\stm32/stm32f10x_flash.o
 .text.FLASH_EraseAllBank1Pages
                0x00000000       0x5c D:\Projects\stm32/stm32f10x_flash.o
 .text.FLASH_EraseOptionBytes
                0x00000000       0xe0 D:\Projects\stm32/stm32f10x_flash.o
 .text.FLASH_ProgramWord
                0x00000000       0x94 D:\Projects\stm32/stm32f10x_flash.o
 .text.FLASH_ProgramHalfWord
                0x00000000       0x5c D:\Projects\stm32/stm32f10x_flash.o
 .text.FLASH_ProgramOptionByteData
                0x00000000       0x78 D:\Projects\stm32/stm32f10x_flash.o
 .text.FLASH_EnableWriteProtection
                0x00000000      0x118 D:\Projects\stm32/stm32f10x_flash.o
 .text.FLASH_ReadOutProtection
                0x00000000       0xd4 D:\Projects\stm32/stm32f10x_flash.o
 .text.FLASH_UserOptionByteConfig
                0x00000000       0x94 D:\Projects\stm32/stm32f10x_flash.o
 .text.FLASH_GetUserOptionByte
                0x00000000       0x18 D:\Projects\stm32/stm32f10x_flash.o
 .text.FLASH_GetWriteProtectionOptionByte
                0x00000000       0x14 D:\Projects\stm32/stm32f10x_flash.o
 .text.FLASH_GetReadOutProtectionStatus
                0x00000000       0x3c D:\Projects\stm32/stm32f10x_flash.o
 .text.FLASH_GetPrefetchBufferStatus
                0x00000000       0x3c D:\Projects\stm32/stm32f10x_flash.o
 .text.FLASH_ITConfig
                0x00000000       0x3c D:\Projects\stm32/stm32f10x_flash.o
 .text.FLASH_GetFlagStatus
                0x00000000       0x64 D:\Projects\stm32/stm32f10x_flash.o
 .text.FLASH_ClearFlag
                0x00000000       0x1c D:\Projects\stm32/stm32f10x_flash.o
 .text.FLASH_GetStatus
                0x00000000       0x74 D:\Projects\stm32/stm32f10x_flash.o
 .text.FLASH_GetBank1Status
                0x00000000       0x74 D:\Projects\stm32/stm32f10x_flash.o
 .text.FLASH_WaitForLastOperation
                0x00000000       0x44 D:\Projects\stm32/stm32f10x_flash.o
 .text.FLASH_WaitForLastBank1Operation
                0x00000000       0x44 D:\Projects\stm32/stm32f10x_flash.o
 .group         0x00000000        0x8 D:\Projects\stm32/delay.o
 .text          0x00000000        0x0 D:\Projects\stm32/delay.o
 .data          0x00000000        0x0 D:\Projects\stm32/delay.o
 .text          0x00000000        0x0 D:\Projects\stm32/SysClock.o
 .data          0x00000000        0x0 D:\Projects\stm32/SysClock.o
 .bss           0x00000000        0x0 D:\Projects\stm32/SysClock.o
 .text          0x00000000        0x0 D:\Projects\stm32/gpio.o
 .data          0x00000000        0x0 D:\Projects\stm32/gpio.o
 .bss           0x00000000        0x0 D:\Projects\stm32/gpio.o
 .text          0x00000000        0x0 D:\Projects\stm32/led.o
 .data          0x00000000        0x0 D:\Projects\stm32/led.o
 .bss           0x00000000        0x0 D:\Projects\stm32/led.o
 .text          0x00000000        0x0 D:\Projects\stm32/usart.o
 .data          0x00000000        0x0 D:\Projects\stm32/usart.o
 .text._ZN5USART12sendBlockingEc
                0x00000000       0x42 D:\Projects\stm32/usart.o
 .text._ZN5USART4sendEc
                0x00000000       0x3a D:\Projects\stm32/usart.o
 .text          0x00000000        0x0 D:\Projects\stm32/oneWire.o
 .data          0x00000000        0x0 D:\Projects\stm32/oneWire.o
 .bss           0x00000000        0x0 D:\Projects\stm32/oneWire.o
 .text._ZN7OneWireC2ER5DelayP12GPIO_TypeDeftPhS4_S4_
                0x00000000       0x7e D:\Projects\stm32/oneWire.o
 .text._ZN7OneWire13WriteTimeslotEh
                0x00000000       0x7a D:\Projects\stm32/oneWire.o
 .text._ZN7OneWire12ReadTimeslotEv
                0x00000000       0x76 D:\Projects\stm32/oneWire.o
 .text._ZN7OneWire14InitializationEv
                0x00000000       0x8e D:\Projects\stm32/oneWire.o
 .text._ZN7OneWire9WriteByteEh
                0x00000000       0x3c D:\Projects\stm32/oneWire.o
 .text._ZN7OneWire8ReadByteEv
                0x00000000       0x3e D:\Projects\stm32/oneWire.o
 .text._ZN7OneWire7ReadROMEPh
                0x00000000       0x58 D:\Projects\stm32/oneWire.o
 .text._ZN7OneWire8MatchROMEPKh
                0x00000000       0x58 D:\Projects\stm32/oneWire.o
 .text._ZN7OneWire7SkipROMEv
                0x00000000       0x34 D:\Projects\stm32/oneWire.o
 .debug_info    0x00000000      0x787 D:\Projects\stm32/oneWire.o
 .debug_abbrev  0x00000000      0x286 D:\Projects\stm32/oneWire.o
 .debug_aranges
                0x00000000       0x60 D:\Projects\stm32/oneWire.o
 .debug_ranges  0x00000000       0x50 D:\Projects\stm32/oneWire.o
 .debug_line    0x00000000      0x303 D:\Projects\stm32/oneWire.o
 .debug_str     0x00000000      0x512 D:\Projects\stm32/oneWire.o
 .comment       0x00000000       0x7f D:\Projects\stm32/oneWire.o
 .debug_frame   0x00000000      0x158 D:\Projects\stm32/oneWire.o
 .ARM.attributes
                0x00000000       0x33 D:\Projects\stm32/oneWire.o
 .text          0x00000000        0x0 D:\Projects\stm32/oneWireSearch.o
 .data          0x00000000        0x0 D:\Projects\stm32/oneWireSearch.o
 .bss           0x00000000        0x0 D:\Projects\stm32/oneWireSearch.o
 .text._ZN13OneWireSearchC2ER7OneWire
                0x00000000       0x34 D:\Projects\stm32/oneWireSearch.o
 .text._ZN13OneWireSearch5firstEv
                0x00000000       0x2a D:\Projects\stm32/oneWireSearch.o
 .text._ZN13OneWireSearch4nextEv
                0x00000000       0x18 D:\Projects\stm32/oneWireSearch.o
 .text._ZN13OneWireSearch6searchEv
                0x00000000      0x1dc D:\Projects\stm32/oneWireSearch.o
 .text._ZN13OneWireSearch6verifyEv
                0x00000000       0xe0 D:\Projects\stm32/oneWireSearch.o
 .text._ZN13OneWireSearch11targetSetupEh
                0x00000000       0x4e D:\Projects\stm32/oneWireSearch.o
 .text._ZN13OneWireSearch15familySkipSetupEv
                0x00000000       0x2e D:\Projects\stm32/oneWireSearch.o
 .text._ZN13OneWireSearch16searchAllDevicesEv
                0x00000000       0x7e D:\Projects\stm32/oneWireSearch.o
 .text._ZN13OneWireSearch10searchOnlyEh
                0x00000000       0x9c D:\Projects\stm32/oneWireSearch.o
 .text._ZN13OneWireSearch12searchExceptEh
                0x00000000       0x96 D:\Projects\stm32/oneWireSearch.o
 .debug_info    0x00000000      0xa52 D:\Projects\stm32/oneWireSearch.o
 .debug_abbrev  0x00000000      0x306 D:\Projects\stm32/oneWireSearch.o
 .debug_aranges
                0x00000000       0x68 D:\Projects\stm32/oneWireSearch.o
 .debug_ranges  0x00000000       0x58 D:\Projects\stm32/oneWireSearch.o
 .debug_line    0x00000000      0x3b9 D:\Projects\stm32/oneWireSearch.o
 .debug_str     0x00000000      0x7f1 D:\Projects\stm32/oneWireSearch.o
 .comment       0x00000000       0x7f D:\Projects\stm32/oneWireSearch.o
 .debug_frame   0x00000000      0x184 D:\Projects\stm32/oneWireSearch.o
 .ARM.attributes
                0x00000000       0x33 D:\Projects\stm32/oneWireSearch.o
 .text          0x00000000        0x0 D:\Projects\stm32/ds18b20.o
 .data          0x00000000        0x0 D:\Projects\stm32/ds18b20.o
 .bss           0x00000000        0x0 D:\Projects\stm32/ds18b20.o
 .text._ZN7DS18B20C2ER5DelayP12GPIO_TypeDeftPhS4_S4_NS_10ResolutionE
                0x00000000       0x6e D:\Projects\stm32/ds18b20.o
 .text._ZN7DS18B2013setResolutionENS_10ResolutionE
                0x00000000       0x1c D:\Projects\stm32/ds18b20.o
 .text._ZN7DS18B2013getResolutionEv
                0x00000000       0x16 D:\Projects\stm32/ds18b20.o
 .text._ZN7DS18B2012setAlarmTempEaa
                0x00000000       0x46 D:\Projects\stm32/ds18b20.o
 .text._ZN7DS18B2015writeScratchpadEv
                0x00000000       0x44 D:\Projects\stm32/ds18b20.o
 .text._ZN7DS18B2014readScratchpadEv
                0x00000000       0xa2 D:\Projects\stm32/ds18b20.o
 .text._ZN7DS18B2014copyScratchpadEv
                0x00000000       0x68 D:\Projects\stm32/ds18b20.o
 .text._ZN7DS18B208recallEEEv
                0x00000000       0x52 D:\Projects\stm32/ds18b20.o
 .text._ZN7DS18B2015readPowerSupplyEv
                0x00000000       0x2e D:\Projects\stm32/ds18b20.o
 .text._ZN7DS18B208convertTEv
                0x00000000       0xb4 D:\Projects\stm32/ds18b20.o
 .debug_info    0x00000000      0xa03 D:\Projects\stm32/ds18b20.o
 .debug_abbrev  0x00000000      0x2c7 D:\Projects\stm32/ds18b20.o
 .debug_aranges
                0x00000000       0x68 D:\Projects\stm32/ds18b20.o
 .debug_ranges  0x00000000       0x58 D:\Projects\stm32/ds18b20.o
 .debug_line    0x00000000      0x353 D:\Projects\stm32/ds18b20.o
 .debug_str     0x00000000      0x796 D:\Projects\stm32/ds18b20.o
 .comment       0x00000000       0x7f D:\Projects\stm32/ds18b20.o
 .debug_frame   0x00000000      0x188 D:\Projects\stm32/ds18b20.o
 .ARM.attributes
                0x00000000       0x33 D:\Projects\stm32/ds18b20.o
 .text          0x00000000        0x0 D:\Projects\stm32/i2c.o
 .data          0x00000000        0x0 D:\Projects\stm32/i2c.o
 .bss           0x00000000        0x0 D:\Projects\stm32/i2c.o
 .text._ZNK3I2c4readEv
                0x00000000       0x40 D:\Projects\stm32/i2c.o
 .group         0x00000000        0xc D:\Projects\stm32/lcd.o
 .group         0x00000000        0xc D:\Projects\stm32/lcd.o
 .group         0x00000000        0xc D:\Projects\stm32/lcd.o
 .group         0x00000000        0xc D:\Projects\stm32/lcd.o
 .text          0x00000000        0x0 D:\Projects\stm32/lcd.o
 .data          0x00000000        0x0 D:\Projects\stm32/lcd.o
 .bss           0x00000000        0x0 D:\Projects\stm32/lcd.o
 .group         0x00000000        0xc D:\Projects\stm32/rtc.o
 .text          0x00000000        0x0 D:\Projects\stm32/rtc.o
 .data          0x00000000        0x0 D:\Projects\stm32/rtc.o
 .bss           0x00000000        0x0 D:\Projects\stm32/rtc.o
 .rodata        0x00000000        0xc D:\Projects\stm32/rtc.o
 .text._ZN13RealTimeClockC2ER5Delay
                0x00000000       0x54 D:\Projects\stm32/rtc.o
 .text._ZN13RealTimeClock4initEv
                0x00000000       0x88 D:\Projects\stm32/rtc.o
 .text._ZN13RealTimeClock7setTimeERK8DateTime
                0x00000000       0x20 D:\Projects\stm32/rtc.o
 .text._ZN13RealTimeClock7setTimeEm
                0x00000000       0x18 D:\Projects\stm32/rtc.o
 .text._ZNK13RealTimeClock7getTimeER8DateTime
                0x00000000       0x20 D:\Projects\stm32/rtc.o
 .text._ZNK13RealTimeClock11getUnixTimeEv
                0x00000000       0x16 D:\Projects\stm32/rtc.o
 .debug_info    0x00000000      0x638 D:\Projects\stm32/rtc.o
 .debug_abbrev  0x00000000      0x286 D:\Projects\stm32/rtc.o
 .debug_aranges
                0x00000000       0x48 D:\Projects\stm32/rtc.o
 .debug_ranges  0x00000000       0x38 D:\Projects\stm32/rtc.o
 .debug_line    0x00000000      0x28e D:\Projects\stm32/rtc.o
 .debug_str     0x00000000      0x50f D:\Projects\stm32/rtc.o
 .comment       0x00000000       0x7f D:\Projects\stm32/rtc.o
 .debug_frame   0x00000000       0xe8 D:\Projects\stm32/rtc.o
 .ARM.attributes
                0x00000000       0x33 D:\Projects\stm32/rtc.o
 .text          0x00000000        0x0 D:\Projects\stm32/adc.o
 .data          0x00000000        0x0 D:\Projects\stm32/adc.o
 .bss           0x00000000        0x0 D:\Projects\stm32/adc.o
 .rodata        0x00000000        0x4 D:\Projects\stm32/adc.o
 .text._ZN3ADCC2EmmNS_15ResultStoreModeEmPKh
                0x00000000       0xd8 D:\Projects\stm32/adc.o
 .text._ZN3ADC4initEv
                0x00000000      0x2d0 D:\Projects\stm32/adc.o
 .text._ZN3ADC8getValueEm
                0x00000000       0x52 D:\Projects\stm32/adc.o
 .debug_info    0x00000000      0x814 D:\Projects\stm32/adc.o
 .debug_abbrev  0x00000000      0x2a7 D:\Projects\stm32/adc.o
 .debug_aranges
                0x00000000       0x30 D:\Projects\stm32/adc.o
 .debug_ranges  0x00000000       0x20 D:\Projects\stm32/adc.o
 .debug_line    0x00000000      0x372 D:\Projects\stm32/adc.o
 .debug_str     0x00000000      0x684 D:\Projects\stm32/adc.o
 .comment       0x00000000       0x7f D:\Projects\stm32/adc.o
 .debug_frame   0x00000000       0x80 D:\Projects\stm32/adc.o
 .ARM.attributes
                0x00000000       0x33 D:\Projects\stm32/adc.o
 .text          0x00000000        0x0 D:\Projects\stm32/tacho.o
 .data          0x00000000        0x0 D:\Projects\stm32/tacho.o
 .text.__NVIC_EnableIRQ
                0x00000000       0x3c D:\Projects\stm32/tacho.o
 .text._ZN5TachoC2Ev
                0x00000000       0x88 D:\Projects\stm32/tacho.o
 .text._ZN5Tacho6getRpmEv
                0x00000000       0x24 D:\Projects\stm32/tacho.o
 .text._ZN5Tacho8getSpeedEv
                0x00000000       0x38 D:\Projects\stm32/tacho.o
 .text._ZN5Tacho17setRotationLengthEm
                0x00000000       0x1a D:\Projects\stm32/tacho.o
 .text          0x00000000        0x0 D:\Projects\stm32/storage.o
 .data          0x00000000        0x0 D:\Projects\stm32/storage.o
 .bss           0x00000000        0x0 D:\Projects\stm32/storage.o
 .text._ZN7StorageC2Ev
                0x00000000       0x28 D:\Projects\stm32/storage.o
 .text._ZN7Storage9readToRamEv
                0x00000000       0x46 D:\Projects\stm32/storage.o
 .text._ZN7Storage12writeToFlashEv
                0x00000000       0x5c D:\Projects\stm32/storage.o
 .debug_info    0x00000000      0x2f4 D:\Projects\stm32/storage.o
 .debug_abbrev  0x00000000      0x1b4 D:\Projects\stm32/storage.o
 .debug_aranges
                0x00000000       0x30 D:\Projects\stm32/storage.o
 .debug_ranges  0x00000000       0x20 D:\Projects\stm32/storage.o
 .debug_line    0x00000000      0x244 D:\Projects\stm32/storage.o
 .debug_str     0x00000000      0x2ab D:\Projects\stm32/storage.o
 .comment       0x00000000       0x7f D:\Projects\stm32/storage.o
 .debug_frame   0x00000000       0x80 D:\Projects\stm32/storage.o
 .ARM.attributes
                0x00000000       0x33 D:\Projects\stm32/storage.o
 .text          0x00000000        0x0 D:\Projects\stm32/convertation.o
 .data          0x00000000        0x0 D:\Projects\stm32/convertation.o
 .bss           0x00000000        0xb D:\Projects\stm32/convertation.o
 .rodata        0x00000000       0x15 D:\Projects\stm32/convertation.o
 .text._Z4itoaji
                0x00000000       0x90 D:\Projects\stm32/convertation.o
 .text._Z13unix2DateTimeR8DateTimem
                0x00000000      0x1dc D:\Projects\stm32/convertation.o
 .text._Z13dateTime2UnixRK8DateTime
                0x00000000      0x130 D:\Projects\stm32/convertation.o
 .debug_info    0x00000000      0x2cb D:\Projects\stm32/convertation.o
 .debug_abbrev  0x00000000       0xf0 D:\Projects\stm32/convertation.o
 .debug_aranges
                0x00000000       0x30 D:\Projects\stm32/convertation.o
 .debug_ranges  0x00000000       0x20 D:\Projects\stm32/convertation.o
 .debug_line    0x00000000      0x1d6 D:\Projects\stm32/convertation.o
 .debug_str     0x00000000      0x26a D:\Projects\stm32/convertation.o
 .comment       0x00000000       0x7f D:\Projects\stm32/convertation.o
 .debug_frame   0x00000000       0x88 D:\Projects\stm32/convertation.o
 .ARM.attributes
                0x00000000       0x33 D:\Projects\stm32/convertation.o
 .text          0x00000000        0x0 D:\Projects\stm32/crc.o
 .data          0x00000000      0x100 D:\Projects\stm32/crc.o
 .bss           0x00000000        0x0 D:\Projects\stm32/crc.o
 .text._Z13calcCRC_1wirehh
                0x00000000       0x58 D:\Projects\stm32/crc.o
 .text._Z18calcCRC_1wireQuickhh
                0x00000000       0x2c D:\Projects\stm32/crc.o
 .debug_info    0x00000000       0xf3 D:\Projects\stm32/crc.o
 .debug_abbrev  0x00000000       0xbd D:\Projects\stm32/crc.o
 .debug_aranges
                0x00000000       0x28 D:\Projects\stm32/crc.o
 .debug_ranges  0x00000000       0x18 D:\Projects\stm32/crc.o
 .debug_line    0x00000000       0x80 D:\Projects\stm32/crc.o
 .debug_str     0x00000000      0x14b D:\Projects\stm32/crc.o
 .comment       0x00000000       0x7f D:\Projects\stm32/crc.o
 .debug_frame   0x00000000       0x60 D:\Projects\stm32/crc.o
 .ARM.attributes
                0x00000000       0x33 D:\Projects\stm32/crc.o
 .group         0x00000000        0xc D:\Projects\stm32/main.o
 .group         0x00000000        0xc D:\Projects\stm32/main.o
 .text          0x00000000        0x0 D:\Projects\stm32/main.o
 .data          0x00000000        0x0 D:\Projects\stm32/main.o
 .bss           0x00000000        0x0 D:\Projects\stm32/main.o
 .text._Z12TakeTimeoutsR5USARTR5DelayPh
                0x00000000       0xa0 D:\Projects\stm32/main.o

Memory Configuration

Name             Origin             Length             Attributes
ROM              0x08000000         0x00010000         xr
RAM              0x20000000         0x00005000         xrw
*default*        0x00000000         0xffffffff

Linker script and memory map


.text           0x08000000     0x2d8c
 *(.isr_vector)
 .isr_vector    0x08000000       0xec D:\Projects\stm32/startup_stm32f10x_md.o
                0x08000000                __isr_vector
 *(.text*)
 .text.NVIC_Init
                0x080000ec       0xbc D:\Projects\stm32/misc.o
                0x080000ec                NVIC_Init
 .text          0x080001a8       0xb8 D:\Projects\stm32/startup_stm32f10x_md.o
                0x080001a8                Reset_Handler
                0x080001d8                _start
                0x080001ee                NMI_Handler
                0x080001f0                HardFault_Handler
                0x080001f2                MemManage_Handler
                0x080001f4                BusFault_Handler
                0x080001f6                UsageFault_Handler
                0x080001f8                SVC_Handler
                0x080001fa                DebugMon_Handler
                0x080001fc                PendSV_Handler
                0x08000200                Default_Handler
                0x08000202                WWDG_IRQHandler
                0x08000204                PVD_IRQHandler
                0x08000206                TAMPER_IRQHandler
                0x08000208                RTC_IRQHandler
                0x0800020a                FLASH_IRQHandler
                0x0800020c                RCC_IRQHandler
                0x0800020e                EXTI0_IRQHandler
                0x08000210                EXTI1_IRQHandler
                0x08000212                EXTI2_IRQHandler
                0x08000214                EXTI3_IRQHandler
                0x08000216                EXTI4_IRQHandler
                0x08000218                DMA1_Channel1_IRQHandler
                0x0800021a                DMA1_Channel2_IRQHandler
                0x0800021c                DMA1_Channel3_IRQHandler
                0x08000220                DMA1_Channel5_IRQHandler
                0x08000222                DMA1_Channel6_IRQHandler
                0x08000226                ADC1_2_IRQHandler
                0x08000228                USB_HP_CAN1_TX_IRQHandler
                0x0800022a                USB_LP_CAN1_RX0_IRQHandler
                0x0800022c                CAN1_RX1_IRQHandler
                0x0800022e                CAN1_SCE_IRQHandler
                0x08000230                EXTI9_5_IRQHandler
                0x08000232                TIM1_BRK_IRQHandler
                0x08000234                TIM1_UP_IRQHandler
                0x08000236                TIM1_TRG_COM_IRQHandler
                0x08000238                TIM1_CC_IRQHandler
                0x0800023c                TIM3_IRQHandler
                0x0800023e                TIM4_IRQHandler
                0x08000240                I2C1_EV_IRQHandler
                0x08000242                I2C1_ER_IRQHandler
                0x08000244                I2C2_EV_IRQHandler
                0x08000246                I2C2_ER_IRQHandler
                0x08000248                SPI1_IRQHandler
                0x0800024a                SPI2_IRQHandler
                0x08000250                USART3_IRQHandler
                0x08000252                EXTI15_10_IRQHandler
                0x08000254                RTCAlarm_IRQHandler
                0x08000256                USBWakeUp_IRQHandler
 .text.SystemInit
                0x08000260       0x68 D:\Projects\stm32/system_stm32f10x.o
                0x08000260                SystemInit
 .text.SystemCoreClockUpdate
                0x080002c8       0xe4 D:\Projects\stm32/system_stm32f10x.o
                0x080002c8                SystemCoreClockUpdate
 .text._ZL11SetSysClockv
                0x080003ac        0xc D:\Projects\stm32/system_stm32f10x.o
 .text._ZL15SetSysClockTo72v
                0x080003b8      0x134 D:\Projects\stm32/system_stm32f10x.o
 .text.RCC_DeInit
                0x080004ec       0x5c D:\Projects\stm32/stm32f10x_rcc.o
                0x080004ec                RCC_DeInit
 .text.RCC_HSEConfig
                0x08000548       0x5c D:\Projects\stm32/stm32f10x_rcc.o
                0x08000548                RCC_HSEConfig
 .text.RCC_WaitForHSEStartUp
                0x080005a4       0x66 D:\Projects\stm32/stm32f10x_rcc.o
                0x080005a4                RCC_WaitForHSEStartUp
 *fill*         0x0800060a        0x2 
 .text.RCC_PLLConfig
                0x0800060c       0x3c D:\Projects\stm32/stm32f10x_rcc.o
                0x0800060c                RCC_PLLConfig
 .text.RCC_PLLCmd
                0x08000648       0x20 D:\Projects\stm32/stm32f10x_rcc.o
                0x08000648                RCC_PLLCmd
 .text.RCC_SYSCLKConfig
                0x08000668       0x38 D:\Projects\stm32/stm32f10x_rcc.o
                0x08000668                RCC_SYSCLKConfig
 .text.RCC_GetSYSCLKSource
                0x080006a0       0x1c D:\Projects\stm32/stm32f10x_rcc.o
                0x080006a0                RCC_GetSYSCLKSource
 .text.RCC_HCLKConfig
                0x080006bc       0x38 D:\Projects\stm32/stm32f10x_rcc.o
                0x080006bc                RCC_HCLKConfig
 .text.RCC_PCLK1Config
                0x080006f4       0x38 D:\Projects\stm32/stm32f10x_rcc.o
                0x080006f4                RCC_PCLK1Config
 .text.RCC_PCLK2Config
                0x0800072c       0x38 D:\Projects\stm32/stm32f10x_rcc.o
                0x0800072c                RCC_PCLK2Config
 .text.RCC_GetClocksFreq
                0x08000764      0x16c D:\Projects\stm32/stm32f10x_rcc.o
                0x08000764                RCC_GetClocksFreq
 .text.RCC_AHBPeriphClockCmd
                0x080008d0       0x3c D:\Projects\stm32/stm32f10x_rcc.o
                0x080008d0                RCC_AHBPeriphClockCmd
 .text.RCC_APB2PeriphClockCmd
                0x0800090c       0x3c D:\Projects\stm32/stm32f10x_rcc.o
                0x0800090c                RCC_APB2PeriphClockCmd
 .text.RCC_APB1PeriphClockCmd
                0x08000948       0x3c D:\Projects\stm32/stm32f10x_rcc.o
                0x08000948                RCC_APB1PeriphClockCmd
 .text.RCC_GetFlagStatus
                0x08000984       0x70 D:\Projects\stm32/stm32f10x_rcc.o
                0x08000984                RCC_GetFlagStatus
 .text.GPIO_Init
                0x080009f4      0x178 D:\Projects\stm32/stm32f10x_gpio.o
                0x080009f4                GPIO_Init
 .text.GPIO_SetBits
                0x08000b6c       0x1c D:\Projects\stm32/stm32f10x_gpio.o
                0x08000b6c                GPIO_SetBits
 .text.GPIO_ResetBits
                0x08000b88       0x1c D:\Projects\stm32/stm32f10x_gpio.o
                0x08000b88                GPIO_ResetBits
 .text.USART_Init
                0x08000ba4      0x180 D:\Projects\stm32/stm32f10x_usart.o
                0x08000ba4                USART_Init
 .text.USART_Cmd
                0x08000d24       0x3e D:\Projects\stm32/stm32f10x_usart.o
                0x08000d24                USART_Cmd
 .text.USART_ITConfig
                0x08000d62       0x8c D:\Projects\stm32/stm32f10x_usart.o
                0x08000d62                USART_ITConfig
 .text.USART_DMACmd
                0x08000dee       0x46 D:\Projects\stm32/stm32f10x_usart.o
                0x08000dee                USART_DMACmd
 .text.USART_SendData
                0x08000e34       0x22 D:\Projects\stm32/stm32f10x_usart.o
                0x08000e34                USART_SendData
 .text.USART_ReceiveData
                0x08000e56       0x1e D:\Projects\stm32/stm32f10x_usart.o
                0x08000e56                USART_ReceiveData
 .text.USART_GetFlagStatus
                0x08000e74       0x40 D:\Projects\stm32/stm32f10x_usart.o
                0x08000e74                USART_GetFlagStatus
 .text.I2C_Init
                0x08000eb4      0x184 D:\Projects\stm32/stm32f10x_i2c.o
                0x08000eb4                I2C_Init
 .text.I2C_Cmd  0x08001038       0x3e D:\Projects\stm32/stm32f10x_i2c.o
                0x08001038                I2C_Cmd
 .text.I2C_GenerateSTART
                0x08001076       0x3e D:\Projects\stm32/stm32f10x_i2c.o
                0x08001076                I2C_GenerateSTART
 .text.I2C_GenerateSTOP
                0x080010b4       0x3e D:\Projects\stm32/stm32f10x_i2c.o
                0x080010b4                I2C_GenerateSTOP
 .text.I2C_SendData
                0x080010f2       0x1e D:\Projects\stm32/stm32f10x_i2c.o
                0x080010f2                I2C_SendData
 .text.I2C_Send7bitAddress
                0x08001110       0x3a D:\Projects\stm32/stm32f10x_i2c.o
                0x08001110                I2C_Send7bitAddress
 .text.I2C_CheckEvent
                0x0800114a       0x5e D:\Projects\stm32/stm32f10x_i2c.o
                0x0800114a                I2C_CheckEvent
 .text.I2C_GetFlagStatus
                0x080011a8       0x78 D:\Projects\stm32/stm32f10x_i2c.o
                0x080011a8                I2C_GetFlagStatus
 .text.DMA_Init
                0x08001220       0x7c D:\Projects\stm32/stm32f10x_dma.o
                0x08001220                DMA_Init
 .text.DMA_Cmd  0x0800129c       0x38 D:\Projects\stm32/stm32f10x_dma.o
                0x0800129c                DMA_Cmd
 .text.DMA_ITConfig
                0x080012d4       0x3a D:\Projects\stm32/stm32f10x_dma.o
                0x080012d4                DMA_ITConfig
 *fill*         0x0800130e        0x2 
 .text.DMA_ClearITPendingBit
                0x08001310       0x34 D:\Projects\stm32/stm32f10x_dma.o
                0x08001310                DMA_ClearITPendingBit
 .text.TIM_GetCapture2
                0x08001344       0x18 D:\Projects\stm32/stm32f10x_tim.o
                0x08001344                TIM_GetCapture2
 .text.TIM_GetFlagStatus
                0x0800135c       0x40 D:\Projects\stm32/stm32f10x_tim.o
                0x0800135c                TIM_GetFlagStatus
 .text.TIM_ClearFlag
                0x0800139c       0x20 D:\Projects\stm32/stm32f10x_tim.o
                0x0800139c                TIM_ClearFlag
 .text.TIM_GetITStatus
                0x080013bc       0x52 D:\Projects\stm32/stm32f10x_tim.o
                0x080013bc                TIM_GetITStatus
 .text.TIM_ClearITPendingBit
                0x0800140e       0x20 D:\Projects\stm32/stm32f10x_tim.o
                0x0800140e                TIM_ClearITPendingBit
 *fill*         0x0800142e        0x2 
 .text.FLASH_SetLatency
                0x08001430       0x38 D:\Projects\stm32/stm32f10x_flash.o
                0x08001430                FLASH_SetLatency
 .text.FLASH_PrefetchBufferCmd
                0x08001468       0x30 D:\Projects\stm32/stm32f10x_flash.o
                0x08001468                FLASH_PrefetchBufferCmd
 .text.__NVIC_SetPriority
                0x08001498       0x5c D:\Projects\stm32/delay.o
 .text.SysTick_Config
                0x080014f4       0x44 D:\Projects\stm32/delay.o
 .text.SysTick_Handler
                0x08001538       0x24 D:\Projects\stm32/delay.o
                0x08001538                SysTick_Handler
 .text._ZN5DelayC2Ev
                0x0800155c       0x74 D:\Projects\stm32/delay.o
                0x0800155c                Delay::Delay()
                0x0800155c                Delay::Delay()
 .text._ZNK5Delay2msEm
                0x080015d0       0x28 D:\Projects\stm32/delay.o
                0x080015d0                Delay::ms(unsigned long) const
 .text._ZNK5Delay2usEm
                0x080015f8       0x4c D:\Projects\stm32/delay.o
                0x080015f8                Delay::us(unsigned long) const
 .text._ZNK5Delay15getSysTickValueEv
                0x08001644       0x1c D:\Projects\stm32/delay.o
                0x08001644                Delay::getSysTickValue() const
 .text._Z41__static_initialization_and_destruction_0ii
                0x08001660       0x40 D:\Projects\stm32/delay.o
 .text._GLOBAL__sub_I_SysTick_Handler
                0x080016a0       0x10 D:\Projects\stm32/delay.o
 .text._Z15SetSysClockTo72v
                0x080016b0       0x90 D:\Projects\stm32/SysClock.o
                0x080016b0                SetSysClockTo72()
 .text._Z12GPIO_Init_MyP12GPIO_TypeDeft16GPIOMode_TypeDef17GPIOSpeed_TypeDef
                0x08001740       0xc4 D:\Projects\stm32/gpio.o
                0x08001740                GPIO_Init_My(GPIO_TypeDef*, unsigned short, GPIOMode_TypeDef, GPIOSpeed_TypeDef)
 .text._ZN3LEDC2EP12GPIO_TypeDeft
                0x08001804       0x36 D:\Projects\stm32/led.o
                0x08001804                LED::LED(GPIO_TypeDef*, unsigned short)
                0x08001804                LED::LED(GPIO_TypeDef*, unsigned short)
 .text._ZN3LED2onEv
                0x0800183a       0x26 D:\Projects\stm32/led.o
                0x0800183a                LED::on()
 .text._ZN3LED3offEv
                0x08001860       0x26 D:\Projects\stm32/led.o
                0x08001860                LED::off()
 .text._ZN3LED6invertEv
                0x08001886       0x26 D:\Projects\stm32/led.o
                0x08001886                LED::invert()
 .text.__NVIC_EnableIRQ
                0x080018ac       0x3c D:\Projects\stm32/usart.o
 .text.USART1_IRQHandler
                0x080018e8       0x60 D:\Projects\stm32/usart.o
                0x080018e8                USART1_IRQHandler
 .text.USART2_IRQHandler
                0x08001948       0x60 D:\Projects\stm32/usart.o
                0x08001948                USART2_IRQHandler
 .text.DMA1_Channel4_IRQHandler
                0x080019a8       0x1c D:\Projects\stm32/usart.o
                0x080019a8                DMA1_Channel4_IRQHandler
 .text.DMA1_Channel7_IRQHandler
                0x080019c4       0x1c D:\Projects\stm32/usart.o
                0x080019c4                DMA1_Channel7_IRQHandler
 .text._ZN5USARTC2Eimttt
                0x080019e0      0x160 D:\Projects\stm32/usart.o
                0x080019e0                USART::USART(int, unsigned long, unsigned short, unsigned short, unsigned short)
                0x080019e0                USART::USART(int, unsigned long, unsigned short, unsigned short, unsigned short)
 .text._ZN5USART7setUartEmttt
                0x08001b40       0x46 D:\Projects\stm32/usart.o
                0x08001b40                USART::setUart(unsigned long, unsigned short, unsigned short, unsigned short)
 .text._ZN5USART6setDMAEv
                0x08001b86       0x52 D:\Projects\stm32/usart.o
                0x08001b86                USART::setDMA()
 .text._ZN5USART7setNvicEh
                0x08001bd8       0x2e D:\Projects\stm32/usart.o
                0x08001bd8                USART::setNvic(unsigned char)
 .text._ZN5USART12sendBlockingEPKc
                0x08001c06       0x4c D:\Projects\stm32/usart.o
                0x08001c06                USART::sendBlocking(char const*)
 .text._ZN5USART4sendEPKc
                0x08001c52       0x5e D:\Projects\stm32/usart.o
                0x08001c52                USART::send(char const*)
 .text._ZN5USART4sendEPKcm
                0x08001cb0       0x5c D:\Projects\stm32/usart.o
                0x08001cb0                USART::send(char const*, unsigned long)
 .text._ZN5USART5clearEv
                0x08001d0c       0x1a D:\Projects\stm32/usart.o
                0x08001d0c                USART::clear()
 .text._ZN5USART8getCountEv
                0x08001d26       0x18 D:\Projects\stm32/usart.o
                0x08001d26                USART::getCount()
 .text._ZN5USART7getDataEv
                0x08001d3e       0x16 D:\Projects\stm32/usart.o
                0x08001d3e                USART::getData()
 .text._ZN3I2cC2Ehh
                0x08001d54       0xc8 D:\Projects\stm32/i2c.o
                0x08001d54                I2c::I2c(unsigned char, unsigned char)
                0x08001d54                I2c::I2c(unsigned char, unsigned char)
 .text._ZNK3I2c13startTransmitEh
                0x08001e1c       0xc8 D:\Projects\stm32/i2c.o
                0x08001e1c                I2c::startTransmit(unsigned char) const
 .text._ZNK3I2c5writeEh
                0x08001ee4       0x44 D:\Projects\stm32/i2c.o
                0x08001ee4                I2c::write(unsigned char) const
 .text._ZNK3I2c12stopTransmitEv
                0x08001f28       0x40 D:\Projects\stm32/i2c.o
                0x08001f28                I2c::stopTransmit() const
 .text._ZN3LcdC2ER3I2cR5Delayh
                0x08001f68      0x12e D:\Projects\stm32/lcd.o
                0x08001f68                Lcd::Lcd(I2c&, Delay&, unsigned char)
                0x08001f68                Lcd::Lcd(I2c&, Delay&, unsigned char)
 .text._ZN3Lcd10write4bitsEh
                0x08002096       0x88 D:\Projects\stm32/lcd.o
                0x08002096                Lcd::write4bits(unsigned char)
 .text._ZN3Lcd9writeDataEhh
                0x0800211e       0x46 D:\Projects\stm32/lcd.o
                0x0800211e                Lcd::writeData(unsigned char, unsigned char)
 .text._ZN3Lcd15sendInstructionEh
                0x08002164       0x20 D:\Projects\stm32/lcd.o
                0x08002164                Lcd::sendInstruction(unsigned char)
 .text._ZN3Lcd8sendDataEh
                0x08002184       0x20 D:\Projects\stm32/lcd.o
                0x08002184                Lcd::sendData(unsigned char)
 .text._ZN3Lcd5clearEv
                0x080021a4       0x24 D:\Projects\stm32/lcd.o
                0x080021a4                Lcd::clear()
 .text._ZN3Lcd4homeEv
                0x080021c8       0x24 D:\Projects\stm32/lcd.o
                0x080021c8                Lcd::home()
 .text._ZN3Lcd10cursorGoToEhh
                0x080021ec       0x3c D:\Projects\stm32/lcd.o
                0x080021ec                Lcd::cursorGoTo(unsigned char, unsigned char)
 .text._ZN3Lcd10displaySetEh
                0x08002228       0x4a D:\Projects\stm32/lcd.o
                0x08002228                Lcd::displaySet(unsigned char)
 .text._ZN3Lcd9cursorSetEh
                0x08002272       0x4a D:\Projects\stm32/lcd.o
                0x08002272                Lcd::cursorSet(unsigned char)
 .text._ZN3Lcd14cursorBlinkSetEh
                0x080022bc       0x4a D:\Projects\stm32/lcd.o
                0x080022bc                Lcd::cursorBlinkSet(unsigned char)
 .text._ZN3Lcd6scrollEhh
                0x08002306       0x48 D:\Projects\stm32/lcd.o
                0x08002306                Lcd::scroll(unsigned char, unsigned char)
 .text._ZN3Lcd11textFlowSetEh
                0x0800234e       0x4a D:\Projects\stm32/lcd.o
                0x0800234e                Lcd::textFlowSet(unsigned char)
 .text._ZN3Lcd13autoScrollSetEh
                0x08002398       0x4a D:\Projects\stm32/lcd.o
                0x08002398                Lcd::autoScrollSet(unsigned char)
 .text._ZN3Lcd16loadCustomSymbolEhPh
                0x080023e2       0x56 D:\Projects\stm32/lcd.o
                0x080023e2                Lcd::loadCustomSymbol(unsigned char, unsigned char*)
 .text._ZN3Lcd12backlightSetEh
                0x08002438       0x58 D:\Projects\stm32/lcd.o
                0x08002438                Lcd::backlightSet(unsigned char)
 .text._ZN3Lcd4putsEPKc
                0x08002490       0x2c D:\Projects\stm32/lcd.o
                0x08002490                Lcd::puts(char const*)
 .text.TIM2_IRQHandler
                0x080024bc       0xac D:\Projects\stm32/tacho.o
                0x080024bc                TIM2_IRQHandler
 .text._ZN5USARTlsEPKc
                0x08002568       0x1c D:\Projects\stm32/main.o
                0x08002568                USART::operator<<(char const*)
 .text._ZN3Lcd4putcEc
                0x08002584       0x1e D:\Projects\stm32/main.o
                0x08002584                Lcd::putc(char)
 .text._Z7comparePKcPKh
                0x080025a2       0x44 D:\Projects\stm32/main.o
                0x080025a2                compare(char const*, unsigned char const*)
 *fill*         0x080025e6        0x2 
 .text.main     0x080025e8      0x5fc D:\Projects\stm32/main.o
                0x080025e8                main
 *(.init)
 *(.fini)
 *crtbegin.o(.ctors)
 *crtbegin?.o(.ctors)
 *(EXCLUDE_FILE(*crtend.o *crtend?.o) .ctors)
 *(SORT_BY_NAME(.ctors.*))
 *(.ctors)
 *crtbegin.o(.dtors)
 *crtbegin?.o(.dtors)
 *(EXCLUDE_FILE(*crtend.o *crtend?.o) .dtors)
 *(SORT_BY_NAME(.dtors.*))
 *(.dtors)
 *(.rodata*)
 .rodata        0x08002be4      0x1a8 D:\Projects\stm32/main.o
 *(.eh_frame*)

.glue_7         0x08002d8c        0x0
 .glue_7        0x08002d8c        0x0 linker stubs

.glue_7t        0x08002d8c        0x0
 .glue_7t       0x08002d8c        0x0 linker stubs

.vfp11_veneer   0x08002d8c        0x0
 .vfp11_veneer  0x08002d8c        0x0 linker stubs

.v4_bx          0x08002d8c        0x0
 .v4_bx         0x08002d8c        0x0 linker stubs

.iplt           0x08002d8c        0x0
 .iplt          0x08002d8c        0x0 D:\Projects\stm32/misc.o

.rel.dyn        0x08002d8c        0x0
 .rel.iplt      0x08002d8c        0x0 D:\Projects\stm32/misc.o

.ARM.extab
 *(.ARM.extab* .gnu.linkonce.armextab.*)
                0x08002d8c                __exidx_start = .

.ARM.exidx
 *(.ARM.exidx* .gnu.linkonce.armexidx.*)
                0x08002d8c                __exidx_end = .
                0x08002d8c                __etext = .

.data           0x20000000       0x2c load address 0x08002d8c
                0x20000000                __data_start__ = .
 *(vtable)
 *(.data*)
 .data          0x20000000       0x14 D:\Projects\stm32/system_stm32f10x.o
                0x20000000                SystemCoreClock
                0x20000004                AHBPrescTable
 .data          0x20000014       0x14 D:\Projects\stm32/stm32f10x_rcc.o
                0x20000028                . = ALIGN (0x4)
                [!provide]                PROVIDE (__preinit_array_start, .)
 *(.preinit_array)
                [!provide]                PROVIDE (__preinit_array_end, .)
                0x20000028                . = ALIGN (0x4)
                [!provide]                PROVIDE (__init_array_start, .)
 *(SORT_BY_NAME(.init_array.*))
 *(.init_array)
 .init_array    0x20000028        0x4 D:\Projects\stm32/delay.o
                [!provide]                PROVIDE (__init_array_end, .)
                0x2000002c                . = ALIGN (0x4)
                [!provide]                PROVIDE (__fini_array_start, .)
 *(SORT_BY_NAME(.fini_array.*))
 *(.fini_array)
                [!provide]                PROVIDE (__fini_array_end, .)
                0x2000002c                . = ALIGN (0x4)
                0x2000002c                __data_end__ = .

.igot.plt       0x2000002c        0x0 load address 0x08002db8
 .igot.plt      0x2000002c        0x0 D:\Projects\stm32/misc.o

.bss            0x2000002c       0x20 load address 0x08002db8
                0x2000002c                __bss_start__ = .
 *(.bss*)
 .bss           0x2000002c        0x8 D:\Projects\stm32/delay.o
                0x2000002c                Delay::msCount
                0x20000030                Delay::sysTicksPerUs
 .bss           0x20000034       0x10 D:\Projects\stm32/usart.o
 .bss           0x20000044        0x8 D:\Projects\stm32/tacho.o
 *(COMMON)
                0x2000004c                __bss_end__ = .

.heap           0x20000050      0xc00
                0x20000050                __end__ = .
                0x20000050                end = __end__
 *(.heap*)
 .heap          0x20000050      0xc00 D:\Projects\stm32/startup_stm32f10x_md.o
                0x20000050                __HeapBase
                0x20000c50                __HeapLimit = .

.stack_dummy    0x20000050      0x400
 *(.stack)
 .stack         0x20000050      0x400 D:\Projects\stm32/startup_stm32f10x_md.o
                0x20005000                __StackTop = (ORIGIN (RAM) + LENGTH (RAM))
                0x20004c00                __StackLimit = (__StackTop - SIZEOF (.stack_dummy))
                [!provide]                PROVIDE (__stack, __StackTop)
                0x00000001                ASSERT ((__StackLimit >= __HeapLimit), region RAM overflowed with stack)
LOAD D:\Projects\stm32/misc.o
LOAD D:\Projects\stm32/startup_stm32f10x_md.o
LOAD D:\Projects\stm32/system_stm32f10x.o
LOAD D:\Projects\stm32/stm32f10x_rcc.o
LOAD D:\Projects\stm32/stm32f10x_gpio.o
LOAD D:\Projects\stm32/stm32f10x_usart.o
LOAD D:\Projects\stm32/stm32f10x_i2c.o
LOAD D:\Projects\stm32/stm32f10x_rtc.o
LOAD D:\Projects\stm32/stm32f10x_pwr.o
LOAD D:\Projects\stm32/stm32f10x_dma.o
LOAD D:\Projects\stm32/stm32f10x_adc.o
LOAD D:\Projects\stm32/stm32f10x_tim.o
LOAD D:\Projects\stm32/stm32f10x_flash.o
LOAD D:\Projects\stm32/delay.o
LOAD D:\Projects\stm32/SysClock.o
LOAD D:\Projects\stm32/gpio.o
LOAD D:\Projects\stm32/led.o
LOAD D:\Projects\stm32/usart.o
LOAD D:\Projects\stm32/oneWire.o
LOAD D:\Projects\stm32/oneWireSearch.o
LOAD D:\Projects\stm32/ds18b20.o
LOAD D:\Projects\stm32/i2c.o
LOAD D:\Projects\stm32/lcd.o
LOAD D:\Projects\stm32/rtc.o
LOAD D:\Projects\stm32/adc.o
LOAD D:\Projects\stm32/tacho.o
LOAD D:\Projects\stm32/storage.o
LOAD D:\Projects\stm32/convertation.o
LOAD D:\Projects\stm32/crc.o
LOAD D:\Projects\stm32/main.o
LOAD c:/program files (x86)/gnu tools arm embedded/7 2017-q4-major/bin/../lib/gcc/arm-none-eabi/7.2.1/../../../../arm-none-eabi/lib/thumb/v7-m\libstdc++.a
LOAD c:/program files (x86)/gnu tools arm embedded/7 2017-q4-major/bin/../lib/gcc/arm-none-eabi/7.2.1/../../../../arm-none-eabi/lib/thumb/v7-m\libm.a
START GROUP
LOAD c:/program files (x86)/gnu tools arm embedded/7 2017-q4-major/bin/../lib/gcc/arm-none-eabi/7.2.1/thumb/v7-m\libgcc.a
LOAD c:/program files (x86)/gnu tools arm embedded/7 2017-q4-major/bin/../lib/gcc/arm-none-eabi/7.2.1/../../../../arm-none-eabi/lib/thumb/v7-m\libg.a
LOAD c:/program files (x86)/gnu tools arm embedded/7 2017-q4-major/bin/../lib/gcc/arm-none-eabi/7.2.1/../../../../arm-none-eabi/lib/thumb/v7-m\libc.a
END GROUP
OUTPUT(D:\Projects\stm32/out/app.elf elf32-littlearm)

.debug_info     0x00000000     0xa18e
 .debug_info    0x00000000      0x55b D:\Projects\stm32/misc.o
 .debug_info    0x0000055b       0x26 D:\Projects\stm32/startup_stm32f10x_md.o
 .debug_info    0x00000581      0x504 D:\Projects\stm32/system_stm32f10x.o
 .debug_info    0x00000a85      0x8b3 D:\Projects\stm32/stm32f10x_rcc.o
 .debug_info    0x00001338      0x71a D:\Projects\stm32/stm32f10x_gpio.o
 .debug_info    0x00001a52      0xa13 D:\Projects\stm32/stm32f10x_usart.o
 .debug_info    0x00002465      0xb2b D:\Projects\stm32/stm32f10x_i2c.o
 .debug_info    0x00002f90      0x495 D:\Projects\stm32/stm32f10x_dma.o
 .debug_info    0x00003425     0x1c87 D:\Projects\stm32/stm32f10x_tim.o
 .debug_info    0x000050ac      0x7d8 D:\Projects\stm32/stm32f10x_flash.o
 .debug_info    0x00005884      0xa35 D:\Projects\stm32/delay.o
 .debug_info    0x000062b9      0x16f D:\Projects\stm32/SysClock.o
 .debug_info    0x00006428      0x29b D:\Projects\stm32/gpio.o
 .debug_info    0x000066c3      0x32f D:\Projects\stm32/led.o
 .debug_info    0x000069f2      0xe11 D:\Projects\stm32/usart.o
 .debug_info    0x00007803      0x5ae D:\Projects\stm32/i2c.o
 .debug_info    0x00007db1      0xc71 D:\Projects\stm32/lcd.o
 .debug_info    0x00008a22      0x91d D:\Projects\stm32/tacho.o
 .debug_info    0x0000933f      0xe4f D:\Projects\stm32/main.o

.debug_abbrev   0x00000000     0x240f
 .debug_abbrev  0x00000000      0x178 D:\Projects\stm32/misc.o
 .debug_abbrev  0x00000178       0x14 D:\Projects\stm32/startup_stm32f10x_md.o
 .debug_abbrev  0x0000018c      0x16c D:\Projects\stm32/system_stm32f10x.o
 .debug_abbrev  0x000002f8      0x1c4 D:\Projects\stm32/stm32f10x_rcc.o
 .debug_abbrev  0x000004bc      0x1df D:\Projects\stm32/stm32f10x_gpio.o
 .debug_abbrev  0x0000069b      0x18f D:\Projects\stm32/stm32f10x_usart.o
 .debug_abbrev  0x0000082a      0x191 D:\Projects\stm32/stm32f10x_i2c.o
 .debug_abbrev  0x000009bb      0x182 D:\Projects\stm32/stm32f10x_dma.o
 .debug_abbrev  0x00000b3d      0x1bf D:\Projects\stm32/stm32f10x_tim.o
 .debug_abbrev  0x00000cfc      0x19e D:\Projects\stm32/stm32f10x_flash.o
 .debug_abbrev  0x00000e9a      0x352 D:\Projects\stm32/delay.o
 .debug_abbrev  0x000011ec       0xb9 D:\Projects\stm32/SysClock.o
 .debug_abbrev  0x000012a5      0x128 D:\Projects\stm32/gpio.o
 .debug_abbrev  0x000013cd      0x1e7 D:\Projects\stm32/led.o
 .debug_abbrev  0x000015b4      0x350 D:\Projects\stm32/usart.o
 .debug_abbrev  0x00001904      0x24a D:\Projects\stm32/i2c.o
 .debug_abbrev  0x00001b4e      0x301 D:\Projects\stm32/lcd.o
 .debug_abbrev  0x00001e4f      0x2cb D:\Projects\stm32/tacho.o
 .debug_abbrev  0x0000211a      0x2f5 D:\Projects\stm32/main.o

.debug_aranges  0x00000000      0xbb0
 .debug_aranges
                0x00000000       0x40 D:\Projects\stm32/misc.o
 .debug_aranges
                0x00000040       0x20 D:\Projects\stm32/startup_stm32f10x_md.o
 .debug_aranges
                0x00000060       0x38 D:\Projects\stm32/system_stm32f10x.o
 .debug_aranges
                0x00000098      0x118 D:\Projects\stm32/stm32f10x_rcc.o
 .debug_aranges
                0x000001b0       0xa8 D:\Projects\stm32/stm32f10x_gpio.o
 .debug_aranges
                0x00000258      0x100 D:\Projects\stm32/stm32f10x_usart.o
 .debug_aranges
                0x00000358      0x120 D:\Projects\stm32/stm32f10x_i2c.o
 .debug_aranges
                0x00000478       0x70 D:\Projects\stm32/stm32f10x_dma.o
 .debug_aranges
                0x000004e8      0x2f0 D:\Projects\stm32/stm32f10x_tim.o
 .debug_aranges
                0x000007d8       0xf8 D:\Projects\stm32/stm32f10x_flash.o
 .debug_aranges
                0x000008d0       0x60 D:\Projects\stm32/delay.o
 .debug_aranges
                0x00000930       0x20 D:\Projects\stm32/SysClock.o
 .debug_aranges
                0x00000950       0x20 D:\Projects\stm32/gpio.o
 .debug_aranges
                0x00000970       0x38 D:\Projects\stm32/led.o
 .debug_aranges
                0x000009a8       0xa0 D:\Projects\stm32/usart.o
 .debug_aranges
                0x00000a48       0x40 D:\Projects\stm32/i2c.o
 .debug_aranges
                0x00000a88       0xa0 D:\Projects\stm32/lcd.o
 .debug_aranges
                0x00000b28       0x48 D:\Projects\stm32/tacho.o
 .debug_aranges
                0x00000b70       0x40 D:\Projects\stm32/main.o

.debug_ranges   0x00000000      0xa70
 .debug_ranges  0x00000000       0x30 D:\Projects\stm32/misc.o
 .debug_ranges  0x00000030       0x28 D:\Projects\stm32/system_stm32f10x.o
 .debug_ranges  0x00000058      0x108 D:\Projects\stm32/stm32f10x_rcc.o
 .debug_ranges  0x00000160       0x98 D:\Projects\stm32/stm32f10x_gpio.o
 .debug_ranges  0x000001f8       0xf0 D:\Projects\stm32/stm32f10x_usart.o
 .debug_ranges  0x000002e8      0x110 D:\Projects\stm32/stm32f10x_i2c.o
 .debug_ranges  0x000003f8       0x60 D:\Projects\stm32/stm32f10x_dma.o
 .debug_ranges  0x00000458      0x2e0 D:\Projects\stm32/stm32f10x_tim.o
 .debug_ranges  0x00000738       0xe8 D:\Projects\stm32/stm32f10x_flash.o
 .debug_ranges  0x00000820       0x50 D:\Projects\stm32/delay.o
 .debug_ranges  0x00000870       0x10 D:\Projects\stm32/SysClock.o
 .debug_ranges  0x00000880       0x10 D:\Projects\stm32/gpio.o
 .debug_ranges  0x00000890       0x28 D:\Projects\stm32/led.o
 .debug_ranges  0x000008b8       0x90 D:\Projects\stm32/usart.o
 .debug_ranges  0x00000948       0x30 D:\Projects\stm32/i2c.o
 .debug_ranges  0x00000978       0x90 D:\Projects\stm32/lcd.o
 .debug_ranges  0x00000a08       0x38 D:\Projects\stm32/tacho.o
 .debug_ranges  0x00000a40       0x30 D:\Projects\stm32/main.o

.debug_line     0x00000000     0x467b
 .debug_line    0x00000000      0x281 D:\Projects\stm32/misc.o
 .debug_line    0x00000281       0xc2 D:\Projects\stm32/startup_stm32f10x_md.o
 .debug_line    0x00000343      0x248 D:\Projects\stm32/system_stm32f10x.o
 .debug_line    0x0000058b      0x50b D:\Projects\stm32/stm32f10x_rcc.o
 .debug_line    0x00000a96      0x40b D:\Projects\stm32/stm32f10x_gpio.o
 .debug_line    0x00000ea1      0x4f0 D:\Projects\stm32/stm32f10x_usart.o
 .debug_line    0x00001391      0x530 D:\Projects\stm32/stm32f10x_i2c.o
 .debug_line    0x000018c1      0x374 D:\Projects\stm32/stm32f10x_dma.o
 .debug_line    0x00001c35      0xb8b D:\Projects\stm32/stm32f10x_tim.o
 .debug_line    0x000027c0      0x508 D:\Projects\stm32/stm32f10x_flash.o
 .debug_line    0x00002cc8      0x2b1 D:\Projects\stm32/delay.o
 .debug_line    0x00002f79      0x1db D:\Projects\stm32/SysClock.o
 .debug_line    0x00003154      0x250 D:\Projects\stm32/gpio.o
 .debug_line    0x000033a4      0x235 D:\Projects\stm32/led.o
 .debug_line    0x000035d9      0x40a D:\Projects\stm32/usart.o
 .debug_line    0x000039e3      0x29c D:\Projects\stm32/i2c.o
 .debug_line    0x00003c7f      0x3b3 D:\Projects\stm32/lcd.o
 .debug_line    0x00004032      0x2c7 D:\Projects\stm32/tacho.o
 .debug_line    0x000042f9      0x382 D:\Projects\stm32/main.o

.debug_str      0x00000000     0x381c
 .debug_str     0x00000000      0x3b1 D:\Projects\stm32/misc.o
                                0x43f (size before relaxing)
 .debug_str     0x000003b1       0x44 D:\Projects\stm32/startup_stm32f10x_md.o
                                 0x56 (size before relaxing)
 .debug_str     0x000003f5      0x152 D:\Projects\stm32/system_stm32f10x.o
                                0x3b7 (size before relaxing)
 .debug_str     0x00000547      0x3e6 D:\Projects\stm32/stm32f10x_rcc.o
                                0x6a1 (size before relaxing)
 .debug_str     0x0000092d      0x372 D:\Projects\stm32/stm32f10x_gpio.o
                                0x5c6 (size before relaxing)
 .debug_str     0x00000c9f      0x44e D:\Projects\stm32/stm32f10x_usart.o
                                0x738 (size before relaxing)
 .debug_str     0x000010ed      0x3eb D:\Projects\stm32/stm32f10x_i2c.o
                                0x6ff (size before relaxing)
 .debug_str     0x000014d8      0x227 D:\Projects\stm32/stm32f10x_dma.o
                                0x444 (size before relaxing)
 .debug_str     0x000016ff      0xb94 D:\Projects\stm32/stm32f10x_tim.o
                                0xe9a (size before relaxing)
 .debug_str     0x00002293      0x410 D:\Projects\stm32/stm32f10x_flash.o
                                0x66b (size before relaxing)
 .debug_str     0x000026a3      0x5a4 D:\Projects\stm32/delay.o
                                0x8bd (size before relaxing)
 .debug_str     0x00002c47       0x4f D:\Projects\stm32/SysClock.o
                                0x24f (size before relaxing)
 .debug_str     0x00002c96       0xb0 D:\Projects\stm32/gpio.o
                                0x3c7 (size before relaxing)
 .debug_str     0x00002d46       0xb3 D:\Projects\stm32/led.o
                                0x268 (size before relaxing)
 .debug_str     0x00002df9      0x30f D:\Projects\stm32/usart.o
                                0xaea (size before relaxing)
 .debug_str     0x00003108      0x122 D:\Projects\stm32/i2c.o
                                0x41b (size before relaxing)
 .debug_str     0x0000322a      0x41b D:\Projects\stm32/lcd.o
                                0x835 (size before relaxing)
 .debug_str     0x00003645      0x11d D:\Projects\stm32/tacho.o
                                0x86d (size before relaxing)
 .debug_str     0x00003762       0xba D:\Projects\stm32/main.o
                                0xa00 (size before relaxing)

.comment        0x00000000       0x7e
 .comment       0x00000000       0x7e D:\Projects\stm32/misc.o
                                 0x7f (size before relaxing)
 .comment       0x0000007e       0x7f D:\Projects\stm32/system_stm32f10x.o
 .comment       0x0000007e       0x7f D:\Projects\stm32/stm32f10x_rcc.o
 .comment       0x0000007e       0x7f D:\Projects\stm32/stm32f10x_gpio.o
 .comment       0x0000007e       0x7f D:\Projects\stm32/stm32f10x_usart.o
 .comment       0x0000007e       0x7f D:\Projects\stm32/stm32f10x_i2c.o
 .comment       0x0000007e       0x7f D:\Projects\stm32/stm32f10x_dma.o
 .comment       0x0000007e       0x7f D:\Projects\stm32/stm32f10x_tim.o
 .comment       0x0000007e       0x7f D:\Projects\stm32/stm32f10x_flash.o
 .comment       0x0000007e       0x7f D:\Projects\stm32/delay.o
 .comment       0x0000007e       0x7f D:\Projects\stm32/SysClock.o
 .comment       0x0000007e       0x7f D:\Projects\stm32/gpio.o
 .comment       0x0000007e       0x7f D:\Projects\stm32/led.o
 .comment       0x0000007e       0x7f D:\Projects\stm32/usart.o
 .comment       0x0000007e       0x7f D:\Projects\stm32/i2c.o
 .comment       0x0000007e       0x7f D:\Projects\stm32/lcd.o
 .comment       0x0000007e       0x7f D:\Projects\stm32/tacho.o
 .comment       0x0000007e       0x7f D:\Projects\stm32/main.o

.ARM.attributes
                0x00000000       0x31
 .ARM.attributes
                0x00000000       0x33 D:\Projects\stm32/misc.o
 .ARM.attributes
                0x00000033       0x1b D:\Projects\stm32/startup_stm32f10x_md.o
 .ARM.attributes
                0x0000004e       0x33 D:\Projects\stm32/system_stm32f10x.o
 .ARM.attributes
                0x00000081       0x33 D:\Projects\stm32/stm32f10x_rcc.o
 .ARM.attributes
                0x000000b4       0x33 D:\Projects\stm32/stm32f10x_gpio.o
 .ARM.attributes
                0x000000e7       0x33 D:\Projects\stm32/stm32f10x_usart.o
 .ARM.attributes
                0x0000011a       0x33 D:\Projects\stm32/stm32f10x_i2c.o
 .ARM.attributes
                0x0000014d       0x33 D:\Projects\stm32/stm32f10x_dma.o
 .ARM.attributes
                0x00000180       0x33 D:\Projects\stm32/stm32f10x_tim.o
 .ARM.attributes
                0x000001b3       0x33 D:\Projects\stm32/stm32f10x_flash.o
 .ARM.attributes
                0x000001e6       0x33 D:\Projects\stm32/delay.o
 .ARM.attributes
                0x00000219       0x33 D:\Projects\stm32/SysClock.o
 .ARM.attributes
                0x0000024c       0x33 D:\Projects\stm32/gpio.o
 .ARM.attributes
                0x0000027f       0x33 D:\Projects\stm32/led.o
 .ARM.attributes
                0x000002b2       0x33 D:\Projects\stm32/usart.o
 .ARM.attributes
                0x000002e5       0x33 D:\Projects\stm32/i2c.o
 .ARM.attributes
                0x00000318       0x33 D:\Projects\stm32/lcd.o
 .ARM.attributes
                0x0000034b       0x33 D:\Projects\stm32/tacho.o
 .ARM.attributes
                0x0000037e       0x33 D:\Projects\stm32/main.o

.debug_frame    0x00000000     0x30b8
 .debug_frame   0x00000000       0xd8 D:\Projects\stm32/misc.o
 .debug_frame   0x000000d8       0x98 D:\Projects\stm32/system_stm32f10x.o
 .debug_frame   0x00000170      0x4f4 D:\Projects\stm32/stm32f10x_rcc.o
 .debug_frame   0x00000664      0x2d0 D:\Projects\stm32/stm32f10x_gpio.o
 .debug_frame   0x00000934      0x490 D:\Projects\stm32/stm32f10x_usart.o
 .debug_frame   0x00000dc4      0x530 D:\Projects\stm32/stm32f10x_i2c.o
 .debug_frame   0x000012f4      0x1c8 D:\Projects\stm32/stm32f10x_dma.o
 .debug_frame   0x000014bc      0xe2c D:\Projects\stm32/stm32f10x_tim.o
 .debug_frame   0x000022e8      0x410 D:\Projects\stm32/stm32f10x_flash.o
 .debug_frame   0x000026f8      0x158 D:\Projects\stm32/delay.o
 .debug_frame   0x00002850       0x34 D:\Projects\stm32/SysClock.o
 .debug_frame   0x00002884       0x34 D:\Projects\stm32/gpio.o
 .debug_frame   0x000028b8       0xa0 D:\Projects\stm32/led.o
 .debug_frame   0x00002958      0x270 D:\Projects\stm32/usart.o
 .debug_frame   0x00002bc8       0xc4 D:\Projects\stm32/i2c.o
 .debug_frame   0x00002c8c      0x274 D:\Projects\stm32/lcd.o
 .debug_frame   0x00002f00       0xf0 D:\Projects\stm32/tacho.o
 .debug_frame   0x00002ff0       0xc8 D:\Projects\stm32/main.o
